[0.008s] Invoking command in '/home/ssu/robotics-practice/class/class06/my_urdf/build/my_urdf': CMAKE_PREFIX_PATH=/opt/ros/humble /usr/bin/cmake --build /home/ssu/robotics-practice/class/class06/my_urdf/build/my_urdf -- -j14 -l14
[0.050s] Invoked command in '/home/ssu/robotics-practice/class/class06/my_urdf/build/my_urdf' returned '0': CMAKE_PREFIX_PATH=/opt/ros/humble /usr/bin/cmake --build /home/ssu/robotics-practice/class/class06/my_urdf/build/my_urdf -- -j14 -l14
[0.055s] Invoking command in '/home/ssu/robotics-practice/class/class06/my_urdf/build/my_urdf': CMAKE_PREFIX_PATH=/opt/ros/humble /usr/bin/cmake --install /home/ssu/robotics-practice/class/class06/my_urdf/build/my_urdf
[0.064s] -- Install configuration: ""
[0.064s] -- Up-to-date: /home/ssu/robotics-practice/class/class06/my_urdf/install/my_urdf/share/my_urdf/urdf
[0.064s] -- Installing: /home/ssu/robotics-practice/class/class06/my_urdf/install/my_urdf/share/my_urdf/urdf/myfirst.urdf
[0.064s] -- Up-to-date: /home/ssu/robotics-practice/class/class06/my_urdf/install/my_urdf/share/my_urdf/urdf/my_robot.urdf
[0.064s] -- Up-to-date: /home/ssu/robotics-practice/class/class06/my_urdf/install/my_urdf/share/my_urdf/urdf/my_robot.urdf.xacro
[0.064s] -- Up-to-date: /home/ssu/robotics-practice/class/class06/my_urdf/install/my_urdf/share/my_urdf/launch
[0.064s] -- Up-to-date: /home/ssu/robotics-practice/class/class06/my_urdf/install/my_urdf/share/my_urdf/launch/simple_display.launch.py
[0.064s] -- Up-to-date: /home/ssu/robotics-practice/class/class06/my_urdf/install/my_urdf/share/my_urdf/rviz
[0.064s] -- Up-to-date: /home/ssu/robotics-practice/class/class06/my_urdf/install/my_urdf/share/my_urdf/rviz/urdf.rviz
[0.064s] -- Up-to-date: /home/ssu/robotics-practice/class/class06/my_urdf/install/my_urdf/share/ament_index/resource_index/package_run_dependencies/my_urdf
[0.064s] -- Up-to-date: /home/ssu/robotics-practice/class/class06/my_urdf/install/my_urdf/share/ament_index/resource_index/parent_prefix_path/my_urdf
[0.064s] -- Up-to-date: /home/ssu/robotics-practice/class/class06/my_urdf/install/my_urdf/share/my_urdf/environment/ament_prefix_path.sh
[0.064s] -- Up-to-date: /home/ssu/robotics-practice/class/class06/my_urdf/install/my_urdf/share/my_urdf/environment/ament_prefix_path.dsv
[0.065s] -- Up-to-date: /home/ssu/robotics-practice/class/class06/my_urdf/install/my_urdf/share/my_urdf/environment/path.sh
[0.065s] -- Up-to-date: /home/ssu/robotics-practice/class/class06/my_urdf/install/my_urdf/share/my_urdf/environment/path.dsv
[0.065s] -- Up-to-date: /home/ssu/robotics-practice/class/class06/my_urdf/install/my_urdf/share/my_urdf/local_setup.bash
[0.065s] -- Up-to-date: /home/ssu/robotics-practice/class/class06/my_urdf/install/my_urdf/share/my_urdf/local_setup.sh
[0.065s] -- Up-to-date: /home/ssu/robotics-practice/class/class06/my_urdf/install/my_urdf/share/my_urdf/local_setup.zsh
[0.065s] -- Up-to-date: /home/ssu/robotics-practice/class/class06/my_urdf/install/my_urdf/share/my_urdf/local_setup.dsv
[0.065s] -- Installing: /home/ssu/robotics-practice/class/class06/my_urdf/install/my_urdf/share/my_urdf/package.dsv
[0.065s] -- Up-to-date: /home/ssu/robotics-practice/class/class06/my_urdf/install/my_urdf/share/ament_index/resource_index/packages/my_urdf
[0.065s] -- Up-to-date: /home/ssu/robotics-practice/class/class06/my_urdf/install/my_urdf/share/my_urdf/cmake/my_urdfConfig.cmake
[0.065s] -- Up-to-date: /home/ssu/robotics-practice/class/class06/my_urdf/install/my_urdf/share/my_urdf/cmake/my_urdfConfig-version.cmake
[0.065s] -- Up-to-date: /home/ssu/robotics-practice/class/class06/my_urdf/install/my_urdf/share/my_urdf/package.xml
[0.066s] Invoked command in '/home/ssu/robotics-practice/class/class06/my_urdf/build/my_urdf' returned '0': CMAKE_PREFIX_PATH=/opt/ros/humble /usr/bin/cmake --install /home/ssu/robotics-practice/class/class06/my_urdf/build/my_urdf
