[0.006s] Invoking command in '/home/ssu/robotics-practice/class/class09/gazebo_ws/build/simple_arm_moveit': AMENT_PREFIX_PATH=/home/ssu/robotics-practice/class/class09/gazebo_ws/install/simple_arm_description:/home/ssu/robotics-practice/class/class09/gazebo_ws/install/simple_arm_moveit:/opt/ros/humble CMAKE_PREFIX_PATH=${CMAKE_PREFIX_PATH}:/home/ssu/robotics-practice/class/class09/gazebo_ws/install/simple_arm_description:/opt/ros/humble /usr/bin/cmake /home/ssu/robotics-practice/class/class09/gazebo_ws/src/simple_arm_moveit -DCMAKE_INSTALL_PREFIX=/home/ssu/robotics-practice/class/class09/gazebo_ws/install/simple_arm_moveit
[0.044s] -- The C compiler identification is GNU 11.4.0
[0.074s] -- The CXX compiler identification is GNU 11.4.0
[0.079s] -- Detecting C compiler ABI info
[0.127s] -- Detecting C compiler ABI info - done
[0.130s] -- Check for working C compiler: /usr/bin/cc - skipped
[0.130s] -- Detecting C compile features
[0.130s] -- Detecting C compile features - done
[0.132s] -- Detecting CXX compiler ABI info
[0.189s] -- Detecting CXX compiler ABI info - done
[0.192s] -- Check for working CXX compiler: /usr/bin/c++ - skipped
[0.193s] -- Detecting CXX compile features
[0.193s] -- Detecting CXX compile features - done
[0.194s] -- Found ament_cmake: 1.3.14 (/opt/ros/humble/share/ament_cmake/cmake)
[0.274s] -- Found Python3: /usr/bin/python3 (found version "3.10.12") found components: Interpreter 
[0.354s] -- Configuring done
[0.355s] -- Generating done
[0.356s] -- Build files have been written to: /home/ssu/robotics-practice/class/class09/gazebo_ws/build/simple_arm_moveit
[0.360s] Invoked command in '/home/ssu/robotics-practice/class/class09/gazebo_ws/build/simple_arm_moveit' returned '0': AMENT_PREFIX_PATH=/home/ssu/robotics-practice/class/class09/gazebo_ws/install/simple_arm_description:/home/ssu/robotics-practice/class/class09/gazebo_ws/install/simple_arm_moveit:/opt/ros/humble CMAKE_PREFIX_PATH=${CMAKE_PREFIX_PATH}:/home/ssu/robotics-practice/class/class09/gazebo_ws/install/simple_arm_description:/opt/ros/humble /usr/bin/cmake /home/ssu/robotics-practice/class/class09/gazebo_ws/src/simple_arm_moveit -DCMAKE_INSTALL_PREFIX=/home/ssu/robotics-practice/class/class09/gazebo_ws/install/simple_arm_moveit
[0.360s] Invoking command in '/home/ssu/robotics-practice/class/class09/gazebo_ws/build/simple_arm_moveit': AMENT_PREFIX_PATH=/home/ssu/robotics-practice/class/class09/gazebo_ws/install/simple_arm_description:/home/ssu/robotics-practice/class/class09/gazebo_ws/install/simple_arm_moveit:/opt/ros/humble CMAKE_PREFIX_PATH=${CMAKE_PREFIX_PATH}:/home/ssu/robotics-practice/class/class09/gazebo_ws/install/simple_arm_description:/opt/ros/humble /usr/bin/cmake --build /home/ssu/robotics-practice/class/class09/gazebo_ws/build/simple_arm_moveit -- -j14 -l14
[0.383s] Invoked command in '/home/ssu/robotics-practice/class/class09/gazebo_ws/build/simple_arm_moveit' returned '0': AMENT_PREFIX_PATH=/home/ssu/robotics-practice/class/class09/gazebo_ws/install/simple_arm_description:/home/ssu/robotics-practice/class/class09/gazebo_ws/install/simple_arm_moveit:/opt/ros/humble CMAKE_PREFIX_PATH=${CMAKE_PREFIX_PATH}:/home/ssu/robotics-practice/class/class09/gazebo_ws/install/simple_arm_description:/opt/ros/humble /usr/bin/cmake --build /home/ssu/robotics-practice/class/class09/gazebo_ws/build/simple_arm_moveit -- -j14 -l14
[0.391s] Invoking command in '/home/ssu/robotics-practice/class/class09/gazebo_ws/build/simple_arm_moveit': AMENT_PREFIX_PATH=/home/ssu/robotics-practice/class/class09/gazebo_ws/install/simple_arm_description:/home/ssu/robotics-practice/class/class09/gazebo_ws/install/simple_arm_moveit:/opt/ros/humble CMAKE_PREFIX_PATH=${CMAKE_PREFIX_PATH}:/home/ssu/robotics-practice/class/class09/gazebo_ws/install/simple_arm_description:/opt/ros/humble /usr/bin/cmake --install /home/ssu/robotics-practice/class/class09/gazebo_ws/build/simple_arm_moveit
[0.395s] -- Install configuration: ""
[0.395s] -- Installing: /home/ssu/robotics-practice/class/class09/gazebo_ws/install/simple_arm_moveit/share/ament_index/resource_index/package_run_dependencies/simple_arm_moveit
[0.395s] -- Installing: /home/ssu/robotics-practice/class/class09/gazebo_ws/install/simple_arm_moveit/share/ament_index/resource_index/parent_prefix_path/simple_arm_moveit
[0.395s] -- Installing: /home/ssu/robotics-practice/class/class09/gazebo_ws/install/simple_arm_moveit/share/simple_arm_moveit/environment/ament_prefix_path.sh
[0.395s] -- Installing: /home/ssu/robotics-practice/class/class09/gazebo_ws/install/simple_arm_moveit/share/simple_arm_moveit/environment/ament_prefix_path.dsv
[0.395s] -- Installing: /home/ssu/robotics-practice/class/class09/gazebo_ws/install/simple_arm_moveit/share/simple_arm_moveit/environment/path.sh
[0.395s] -- Installing: /home/ssu/robotics-practice/class/class09/gazebo_ws/install/simple_arm_moveit/share/simple_arm_moveit/environment/path.dsv
[0.395s] -- Installing: /home/ssu/robotics-practice/class/class09/gazebo_ws/install/simple_arm_moveit/share/simple_arm_moveit/local_setup.bash
[0.395s] -- Installing: /home/ssu/robotics-practice/class/class09/gazebo_ws/install/simple_arm_moveit/share/simple_arm_moveit/local_setup.sh
[0.396s] -- Installing: /home/ssu/robotics-practice/class/class09/gazebo_ws/install/simple_arm_moveit/share/simple_arm_moveit/local_setup.zsh
[0.396s] -- Installing: /home/ssu/robotics-practice/class/class09/gazebo_ws/install/simple_arm_moveit/share/simple_arm_moveit/local_setup.dsv
[0.396s] -- Installing: /home/ssu/robotics-practice/class/class09/gazebo_ws/install/simple_arm_moveit/share/simple_arm_moveit/package.dsv
[0.396s] -- Installing: /home/ssu/robotics-practice/class/class09/gazebo_ws/install/simple_arm_moveit/share/ament_index/resource_index/packages/simple_arm_moveit
[0.396s] -- Installing: /home/ssu/robotics-practice/class/class09/gazebo_ws/install/simple_arm_moveit/share/simple_arm_moveit/cmake/simple_arm_moveitConfig.cmake
[0.396s] -- Installing: /home/ssu/robotics-practice/class/class09/gazebo_ws/install/simple_arm_moveit/share/simple_arm_moveit/cmake/simple_arm_moveitConfig-version.cmake
[0.396s] -- Installing: /home/ssu/robotics-practice/class/class09/gazebo_ws/install/simple_arm_moveit/share/simple_arm_moveit/package.xml
[0.396s] -- Installing: /home/ssu/robotics-practice/class/class09/gazebo_ws/install/simple_arm_moveit/share/simple_arm_moveit/launch
[0.396s] -- Installing: /home/ssu/robotics-practice/class/class09/gazebo_ws/install/simple_arm_moveit/share/simple_arm_moveit/launch/demo.launch.py
[0.396s] -- Installing: /home/ssu/robotics-practice/class/class09/gazebo_ws/install/simple_arm_moveit/share/simple_arm_moveit/launch/move_group.launch.py
[0.396s] -- Installing: /home/ssu/robotics-practice/class/class09/gazebo_ws/install/simple_arm_moveit/share/simple_arm_moveit/launch/moveit_rviz.launch.py
[0.396s] -- Installing: /home/ssu/robotics-practice/class/class09/gazebo_ws/install/simple_arm_moveit/share/simple_arm_moveit/launch/rsp.launch.py
[0.396s] -- Installing: /home/ssu/robotics-practice/class/class09/gazebo_ws/install/simple_arm_moveit/share/simple_arm_moveit/launch/setup_assistant.launch.py
[0.396s] -- Installing: /home/ssu/robotics-practice/class/class09/gazebo_ws/install/simple_arm_moveit/share/simple_arm_moveit/launch/spawn_controllers.launch.py
[0.396s] -- Installing: /home/ssu/robotics-practice/class/class09/gazebo_ws/install/simple_arm_moveit/share/simple_arm_moveit/launch/static_virtual_joint_tfs.launch.py
[0.396s] -- Installing: /home/ssu/robotics-practice/class/class09/gazebo_ws/install/simple_arm_moveit/share/simple_arm_moveit/launch/warehouse_db.launch.py
[0.396s] -- Installing: /home/ssu/robotics-practice/class/class09/gazebo_ws/install/simple_arm_moveit/share/simple_arm_moveit/launch/gazebo_moveit.launch.py
[0.396s] -- Installing: /home/ssu/robotics-practice/class/class09/gazebo_ws/install/simple_arm_moveit/share/simple_arm_moveit/launch/gazebo_spawn.launch.py
[0.396s] -- Installing: /home/ssu/robotics-practice/class/class09/gazebo_ws/install/simple_arm_moveit/share/simple_arm_moveit/config
[0.396s] -- Installing: /home/ssu/robotics-practice/class/class09/gazebo_ws/install/simple_arm_moveit/share/simple_arm_moveit/config/simple_arm.srdf
[0.396s] -- Installing: /home/ssu/robotics-practice/class/class09/gazebo_ws/install/simple_arm_moveit/share/simple_arm_moveit/config/joint_limits.yaml
[0.396s] -- Installing: /home/ssu/robotics-practice/class/class09/gazebo_ws/install/simple_arm_moveit/share/simple_arm_moveit/config/pilz_cartesian_limits.yaml
[0.396s] -- Installing: /home/ssu/robotics-practice/class/class09/gazebo_ws/install/simple_arm_moveit/share/simple_arm_moveit/config/kinematics.yaml
[0.397s] -- Installing: /home/ssu/robotics-practice/class/class09/gazebo_ws/install/simple_arm_moveit/share/simple_arm_moveit/config/ros2_controllers.yaml
[0.397s] -- Installing: /home/ssu/robotics-practice/class/class09/gazebo_ws/install/simple_arm_moveit/share/simple_arm_moveit/config/moveit_controllers.yaml
[0.397s] -- Installing: /home/ssu/robotics-practice/class/class09/gazebo_ws/install/simple_arm_moveit/share/simple_arm_moveit/config/moveit.rviz
[0.397s] -- Installing: /home/ssu/robotics-practice/class/class09/gazebo_ws/install/simple_arm_moveit/share/simple_arm_moveit/.setup_assistant
[0.397s] Invoked command in '/home/ssu/robotics-practice/class/class09/gazebo_ws/build/simple_arm_moveit' returned '0': AMENT_PREFIX_PATH=/home/ssu/robotics-practice/class/class09/gazebo_ws/install/simple_arm_description:/home/ssu/robotics-practice/class/class09/gazebo_ws/install/simple_arm_moveit:/opt/ros/humble CMAKE_PREFIX_PATH=${CMAKE_PREFIX_PATH}:/home/ssu/robotics-practice/class/class09/gazebo_ws/install/simple_arm_description:/opt/ros/humble /usr/bin/cmake --install /home/ssu/robotics-practice/class/class09/gazebo_ws/build/simple_arm_moveit
