running egg_info
creating ../../build/simple_arm_description/simple_arm_description.egg-info
writing ../../build/simple_arm_description/simple_arm_description.egg-info/PKG-INFO
writing dependency_links to ../../build/simple_arm_description/simple_arm_description.egg-info/dependency_links.txt
writing entry points to ../../build/simple_arm_description/simple_arm_description.egg-info/entry_points.txt
writing requirements to ../../build/simple_arm_description/simple_arm_description.egg-info/requires.txt
writing top-level names to ../../build/simple_arm_description/simple_arm_description.egg-info/top_level.txt
writing manifest file '../../build/simple_arm_description/simple_arm_description.egg-info/SOURCES.txt'
reading manifest file '../../build/simple_arm_description/simple_arm_description.egg-info/SOURCES.txt'
writing manifest file '../../build/simple_arm_description/simple_arm_description.egg-info/SOURCES.txt'
running build
running build_py
creating /home/ssu/robotics-practice/class/class07/gazebo_ws/build/simple_arm_description/build
creating /home/ssu/robotics-practice/class/class07/gazebo_ws/build/simple_arm_description/build/lib
creating /home/ssu/robotics-practice/class/class07/gazebo_ws/build/simple_arm_description/build/lib/simple_arm_description
copying simple_arm_description/__init__.py -> /home/ssu/robotics-practice/class/class07/gazebo_ws/build/simple_arm_description/build/lib/simple_arm_description
running install
running install_lib
creating /home/ssu/robotics-practice/class/class07/gazebo_ws/install/simple_arm_description/lib/python3.10/site-packages/simple_arm_description
copying /home/ssu/robotics-practice/class/class07/gazebo_ws/build/simple_arm_description/build/lib/simple_arm_description/__init__.py -> /home/ssu/robotics-practice/class/class07/gazebo_ws/install/simple_arm_description/lib/python3.10/site-packages/simple_arm_description
byte-compiling /home/ssu/robotics-practice/class/class07/gazebo_ws/install/simple_arm_description/lib/python3.10/site-packages/simple_arm_description/__init__.py to __init__.cpython-310.pyc
running install_data
creating /home/ssu/robotics-practice/class/class07/gazebo_ws/install/simple_arm_description/share/ament_index
creating /home/ssu/robotics-practice/class/class07/gazebo_ws/install/simple_arm_description/share/ament_index/resource_index
creating /home/ssu/robotics-practice/class/class07/gazebo_ws/install/simple_arm_description/share/ament_index/resource_index/packages
copying resource/simple_arm_description -> /home/ssu/robotics-practice/class/class07/gazebo_ws/install/simple_arm_description/share/ament_index/resource_index/packages
copying package.xml -> /home/ssu/robotics-practice/class/class07/gazebo_ws/install/simple_arm_description/share/simple_arm_description
running install_egg_info
Copying ../../build/simple_arm_description/simple_arm_description.egg-info to /home/ssu/robotics-practice/class/class07/gazebo_ws/install/simple_arm_description/lib/python3.10/site-packages/simple_arm_description-0.0.0-py3.10.egg-info
running install_scripts
writing list of installed files to '/home/ssu/robotics-practice/class/class07/gazebo_ws/build/simple_arm_description/install.log'
