running egg_info
writing ../../build/urdf_r2d2/urdf_r2d2.egg-info/PKG-INFO
writing dependency_links to ../../build/urdf_r2d2/urdf_r2d2.egg-info/dependency_links.txt
writing entry points to ../../build/urdf_r2d2/urdf_r2d2.egg-info/entry_points.txt
writing requirements to ../../build/urdf_r2d2/urdf_r2d2.egg-info/requires.txt
writing top-level names to ../../build/urdf_r2d2/urdf_r2d2.egg-info/top_level.txt
reading manifest file '../../build/urdf_r2d2/urdf_r2d2.egg-info/SOURCES.txt'
writing manifest file '../../build/urdf_r2d2/urdf_r2d2.egg-info/SOURCES.txt'
running build
running build_py
running install
running install_lib
running install_data
copying urdf/r2d2.urdf.xml -> /home/ssu/robotics-practice/class/class06/move_urdf/install/urdf_r2d2/share/urdf_r2d2/urdf
running install_egg_info
removing '/home/ssu/robotics-practice/class/class06/move_urdf/install/urdf_r2d2/lib/python3.10/site-packages/urdf_r2d2-0.0.0-py3.10.egg-info' (and everything under it)
Copying ../../build/urdf_r2d2/urdf_r2d2.egg-info to /home/ssu/robotics-practice/class/class06/move_urdf/install/urdf_r2d2/lib/python3.10/site-packages/urdf_r2d2-0.0.0-py3.10.egg-info
running install_scripts
Installing state_publisher script to /home/ssu/robotics-practice/class/class06/move_urdf/install/urdf_r2d2/lib/urdf_r2d2
writing list of installed files to '/home/ssu/robotics-practice/class/class06/move_urdf/build/urdf_r2d2/install.log'
