[0.322s] Invoking command in '/home/ssu/robotics-practice/class/class06/move_urdf/src/urdf_r2d2': PYTHONPATH=/home/ssu/robotics-practice/class/class06/move_urdf/build/urdf_r2d2/prefix_override:/usr/lib/python3/dist-packages/colcon_core/task/python/colcon_distutils_commands:/home/ssu/robotics-practice/class/class06/move_urdf/install/urdf_r2d2/lib/python3.10/site-packages:${PYTHONPATH} /usr/bin/python3 -W ignore:setup.py install is deprecated -W ignore:easy_install command is deprecated setup.py egg_info --egg-base ../../build/urdf_r2d2 build --build-base /home/ssu/robotics-practice/class/class06/move_urdf/build/urdf_r2d2/build install --record /home/ssu/robotics-practice/class/class06/move_urdf/build/urdf_r2d2/install.log --single-version-externally-managed install_data
[0.416s] running egg_info
[0.416s] writing ../../build/urdf_r2d2/urdf_r2d2.egg-info/PKG-INFO
[0.416s] writing dependency_links to ../../build/urdf_r2d2/urdf_r2d2.egg-info/dependency_links.txt
[0.416s] writing entry points to ../../build/urdf_r2d2/urdf_r2d2.egg-info/entry_points.txt
[0.416s] writing requirements to ../../build/urdf_r2d2/urdf_r2d2.egg-info/requires.txt
[0.416s] writing top-level names to ../../build/urdf_r2d2/urdf_r2d2.egg-info/top_level.txt
[0.417s] reading manifest file '../../build/urdf_r2d2/urdf_r2d2.egg-info/SOURCES.txt'
[0.424s] writing manifest file '../../build/urdf_r2d2/urdf_r2d2.egg-info/SOURCES.txt'
[0.424s] running build
[0.424s] running build_py
[0.424s] running install
[0.424s] running install_lib
[0.424s] running install_data
[0.424s] copying urdf/r2d2.urdf.xml -> /home/ssu/robotics-practice/class/class06/move_urdf/install/urdf_r2d2/share/urdf_r2d2/urdf
[0.424s] running install_egg_info
[0.425s] removing '/home/ssu/robotics-practice/class/class06/move_urdf/install/urdf_r2d2/lib/python3.10/site-packages/urdf_r2d2-0.0.0-py3.10.egg-info' (and everything under it)
[0.427s] Copying ../../build/urdf_r2d2/urdf_r2d2.egg-info to /home/ssu/robotics-practice/class/class06/move_urdf/install/urdf_r2d2/lib/python3.10/site-packages/urdf_r2d2-0.0.0-py3.10.egg-info
[0.429s] running install_scripts
[0.439s] Installing state_publisher script to /home/ssu/robotics-practice/class/class06/move_urdf/install/urdf_r2d2/lib/urdf_r2d2
[0.439s] writing list of installed files to '/home/ssu/robotics-practice/class/class06/move_urdf/build/urdf_r2d2/install.log'
[0.450s] Invoked command in '/home/ssu/robotics-practice/class/class06/move_urdf/src/urdf_r2d2' returned '0': PYTHONPATH=/home/ssu/robotics-practice/class/class06/move_urdf/build/urdf_r2d2/prefix_override:/usr/lib/python3/dist-packages/colcon_core/task/python/colcon_distutils_commands:/home/ssu/robotics-practice/class/class06/move_urdf/install/urdf_r2d2/lib/python3.10/site-packages:${PYTHONPATH} /usr/bin/python3 -W ignore:setup.py install is deprecated -W ignore:easy_install command is deprecated setup.py egg_info --egg-base ../../build/urdf_r2d2 build --build-base /home/ssu/robotics-practice/class/class06/move_urdf/build/urdf_r2d2/build install --record /home/ssu/robotics-practice/class/class06/move_urdf/build/urdf_r2d2/install.log --single-version-externally-managed install_data
