/home/ssu/robotics-practice/class/class08/gazebo_ws/install/simple_arm_description/lib/python3.10/site-packages/simple_arm_description/__init__.py
/home/ssu/robotics-practice/class/class08/gazebo_ws/install/simple_arm_description/lib/python3.10/site-packages/simple_arm_description/trajectory_publisher.py
/home/ssu/robotics-practice/class/class08/gazebo_ws/install/simple_arm_description/lib/python3.10/site-packages/simple_arm_description/state_monitor.py
/home/ssu/robotics-practice/class/class08/gazebo_ws/install/simple_arm_description/lib/python3.10/site-packages/simple_arm_description/waypoint_sequencer.py
/home/ssu/robotics-practice/class/class08/gazebo_ws/install/simple_arm_description/lib/python3.10/site-packages/simple_arm_description/__pycache__/__init__.cpython-310.pyc
/home/ssu/robotics-practice/class/class08/gazebo_ws/install/simple_arm_description/lib/python3.10/site-packages/simple_arm_description/__pycache__/trajectory_publisher.cpython-310.pyc
/home/ssu/robotics-practice/class/class08/gazebo_ws/install/simple_arm_description/lib/python3.10/site-packages/simple_arm_description/__pycache__/state_monitor.cpython-310.pyc
/home/ssu/robotics-practice/class/class08/gazebo_ws/install/simple_arm_description/lib/python3.10/site-packages/simple_arm_description/__pycache__/waypoint_sequencer.cpython-310.pyc
/home/ssu/robotics-practice/class/class08/gazebo_ws/install/simple_arm_description/share/ament_index/resource_index/packages/simple_arm_description
/home/ssu/robotics-practice/class/class08/gazebo_ws/install/simple_arm_description/share/simple_arm_description/package.xml
/home/ssu/robotics-practice/class/class08/gazebo_ws/install/simple_arm_description/share/simple_arm_description/launch/display_launch.py
/home/ssu/robotics-practice/class/class08/gazebo_ws/install/simple_arm_description/share/simple_arm_description/launch/gazebo_spawn_launch.py
/home/ssu/robotics-practice/class/class08/gazebo_ws/install/simple_arm_description/share/simple_arm_description/urdf/simple_arm.urdf
/home/ssu/robotics-practice/class/class08/gazebo_ws/install/simple_arm_description/share/simple_arm_description/urdf/simple_arm.urdf.xacro
/home/ssu/robotics-practice/class/class08/gazebo_ws/install/simple_arm_description/share/simple_arm_description/rviz/urdf.rviz
/home/ssu/robotics-practice/class/class08/gazebo_ws/install/simple_arm_description/share/simple_arm_description/config/controllers.yaml
/home/ssu/robotics-practice/class/class08/gazebo_ws/install/simple_arm_description/lib/python3.10/site-packages/simple_arm_description-0.0.0-py3.10.egg-info/requires.txt
/home/ssu/robotics-practice/class/class08/gazebo_ws/install/simple_arm_description/lib/python3.10/site-packages/simple_arm_description-0.0.0-py3.10.egg-info/top_level.txt
/home/ssu/robotics-practice/class/class08/gazebo_ws/install/simple_arm_description/lib/python3.10/site-packages/simple_arm_description-0.0.0-py3.10.egg-info/SOURCES.txt
/home/ssu/robotics-practice/class/class08/gazebo_ws/install/simple_arm_description/lib/python3.10/site-packages/simple_arm_description-0.0.0-py3.10.egg-info/PKG-INFO
/home/ssu/robotics-practice/class/class08/gazebo_ws/install/simple_arm_description/lib/python3.10/site-packages/simple_arm_description-0.0.0-py3.10.egg-info/zip-safe
/home/ssu/robotics-practice/class/class08/gazebo_ws/install/simple_arm_description/lib/python3.10/site-packages/simple_arm_description-0.0.0-py3.10.egg-info/dependency_links.txt
/home/ssu/robotics-practice/class/class08/gazebo_ws/install/simple_arm_description/lib/python3.10/site-packages/simple_arm_description-0.0.0-py3.10.egg-info/entry_points.txt
/home/ssu/robotics-practice/class/class08/gazebo_ws/install/simple_arm_description/lib/simple_arm_description/joint_monitor
/home/ssu/robotics-practice/class/class08/gazebo_ws/install/simple_arm_description/lib/simple_arm_description/state_monitor
/home/ssu/robotics-practice/class/class08/gazebo_ws/install/simple_arm_description/lib/simple_arm_description/trajectory_publisher
/home/ssu/robotics-practice/class/class08/gazebo_ws/install/simple_arm_description/lib/simple_arm_description/waypoint_sequencer
