[0.008s] Invoking command in '/home/ssu/robotics-practice/class/class09/gazebo_ws/build/simple_arm_moveit': AMENT_PREFIX_PATH=/home/ssu/robotics-practice/class/class09/gazebo_ws/install/simple_arm_description:/home/ssu/robotics-practice/class/class09/gazebo_ws/install/simple_arm_trajectory:/home/ssu/robotics-practice/class/class09/gazebo_ws/install/simple_arm_moveit:/opt/ros/humble CMAKE_PREFIX_PATH=${CMAKE_PREFIX_PATH}:/home/ssu/robotics-practice/class/class09/gazebo_ws/install/simple_arm_trajectory:/home/ssu/robotics-practice/class/class09/gazebo_ws/install/simple_arm_description:/opt/ros/humble PYTHONPATH=/home/ssu/robotics-practice/class/class09/gazebo_ws/install/simple_arm_description/lib/python3.10/site-packages:/home/ssu/robotics-practice/class/class09/gazebo_ws/install/simple_arm_trajectory/lib/python3.10/site-packages:/opt/ros/humble/lib/python3.10/site-packages:/opt/ros/humble/local/lib/python3.10/dist-packages /usr/bin/cmake --build /home/ssu/robotics-practice/class/class09/gazebo_ws/build/simple_arm_moveit -- -j14 -l14
[0.036s] Invoked command in '/home/ssu/robotics-practice/class/class09/gazebo_ws/build/simple_arm_moveit' returned '0': AMENT_PREFIX_PATH=/home/ssu/robotics-practice/class/class09/gazebo_ws/install/simple_arm_description:/home/ssu/robotics-practice/class/class09/gazebo_ws/install/simple_arm_trajectory:/home/ssu/robotics-practice/class/class09/gazebo_ws/install/simple_arm_moveit:/opt/ros/humble CMAKE_PREFIX_PATH=${CMAKE_PREFIX_PATH}:/home/ssu/robotics-practice/class/class09/gazebo_ws/install/simple_arm_trajectory:/home/ssu/robotics-practice/class/class09/gazebo_ws/install/simple_arm_description:/opt/ros/humble PYTHONPATH=/home/ssu/robotics-practice/class/class09/gazebo_ws/install/simple_arm_description/lib/python3.10/site-packages:/home/ssu/robotics-practice/class/class09/gazebo_ws/install/simple_arm_trajectory/lib/python3.10/site-packages:/opt/ros/humble/lib/python3.10/site-packages:/opt/ros/humble/local/lib/python3.10/dist-packages /usr/bin/cmake --build /home/ssu/robotics-practice/class/class09/gazebo_ws/build/simple_arm_moveit -- -j14 -l14
[0.041s] Invoking command in '/home/ssu/robotics-practice/class/class09/gazebo_ws/build/simple_arm_moveit': AMENT_PREFIX_PATH=/home/ssu/robotics-practice/class/class09/gazebo_ws/install/simple_arm_description:/home/ssu/robotics-practice/class/class09/gazebo_ws/install/simple_arm_trajectory:/home/ssu/robotics-practice/class/class09/gazebo_ws/install/simple_arm_moveit:/opt/ros/humble CMAKE_PREFIX_PATH=${CMAKE_PREFIX_PATH}:/home/ssu/robotics-practice/class/class09/gazebo_ws/install/simple_arm_trajectory:/home/ssu/robotics-practice/class/class09/gazebo_ws/install/simple_arm_description:/opt/ros/humble PYTHONPATH=/home/ssu/robotics-practice/class/class09/gazebo_ws/install/simple_arm_description/lib/python3.10/site-packages:/home/ssu/robotics-practice/class/class09/gazebo_ws/install/simple_arm_trajectory/lib/python3.10/site-packages:/opt/ros/humble/lib/python3.10/site-packages:/opt/ros/humble/local/lib/python3.10/dist-packages /usr/bin/cmake --install /home/ssu/robotics-practice/class/class09/gazebo_ws/build/simple_arm_moveit
[0.047s] -- Install configuration: ""
[0.047s] -- Up-to-date: /home/ssu/robotics-practice/class/class09/gazebo_ws/install/simple_arm_moveit/share/ament_index/resource_index/package_run_dependencies/simple_arm_moveit
[0.047s] -- Up-to-date: /home/ssu/robotics-practice/class/class09/gazebo_ws/install/simple_arm_moveit/share/ament_index/resource_index/parent_prefix_path/simple_arm_moveit
[0.048s] -- Up-to-date: /home/ssu/robotics-practice/class/class09/gazebo_ws/install/simple_arm_moveit/share/simple_arm_moveit/environment/ament_prefix_path.sh
[0.048s] -- Up-to-date: /home/ssu/robotics-practice/class/class09/gazebo_ws/install/simple_arm_moveit/share/simple_arm_moveit/environment/ament_prefix_path.dsv
[0.048s] -- Up-to-date: /home/ssu/robotics-practice/class/class09/gazebo_ws/install/simple_arm_moveit/share/simple_arm_moveit/environment/path.sh
[0.048s] -- Up-to-date: /home/ssu/robotics-practice/class/class09/gazebo_ws/install/simple_arm_moveit/share/simple_arm_moveit/environment/path.dsv
[0.048s] -- Up-to-date: /home/ssu/robotics-practice/class/class09/gazebo_ws/install/simple_arm_moveit/share/simple_arm_moveit/local_setup.bash
[0.048s] -- Up-to-date: /home/ssu/robotics-practice/class/class09/gazebo_ws/install/simple_arm_moveit/share/simple_arm_moveit/local_setup.sh
[0.048s] -- Up-to-date: /home/ssu/robotics-practice/class/class09/gazebo_ws/install/simple_arm_moveit/share/simple_arm_moveit/local_setup.zsh
[0.048s] -- Up-to-date: /home/ssu/robotics-practice/class/class09/gazebo_ws/install/simple_arm_moveit/share/simple_arm_moveit/local_setup.dsv
[0.048s] -- Installing: /home/ssu/robotics-practice/class/class09/gazebo_ws/install/simple_arm_moveit/share/simple_arm_moveit/package.dsv
[0.048s] -- Up-to-date: /home/ssu/robotics-practice/class/class09/gazebo_ws/install/simple_arm_moveit/share/ament_index/resource_index/packages/simple_arm_moveit
[0.048s] -- Up-to-date: /home/ssu/robotics-practice/class/class09/gazebo_ws/install/simple_arm_moveit/share/simple_arm_moveit/cmake/simple_arm_moveitConfig.cmake
[0.048s] -- Up-to-date: /home/ssu/robotics-practice/class/class09/gazebo_ws/install/simple_arm_moveit/share/simple_arm_moveit/cmake/simple_arm_moveitConfig-version.cmake
[0.048s] -- Up-to-date: /home/ssu/robotics-practice/class/class09/gazebo_ws/install/simple_arm_moveit/share/simple_arm_moveit/package.xml
[0.048s] -- Up-to-date: /home/ssu/robotics-practice/class/class09/gazebo_ws/install/simple_arm_moveit/share/simple_arm_moveit/launch
[0.048s] -- Up-to-date: /home/ssu/robotics-practice/class/class09/gazebo_ws/install/simple_arm_moveit/share/simple_arm_moveit/launch/demo.launch.py
[0.048s] -- Up-to-date: /home/ssu/robotics-practice/class/class09/gazebo_ws/install/simple_arm_moveit/share/simple_arm_moveit/launch/move_group.launch.py
[0.048s] -- Up-to-date: /home/ssu/robotics-practice/class/class09/gazebo_ws/install/simple_arm_moveit/share/simple_arm_moveit/launch/moveit_rviz.launch.py
[0.048s] -- Up-to-date: /home/ssu/robotics-practice/class/class09/gazebo_ws/install/simple_arm_moveit/share/simple_arm_moveit/launch/rsp.launch.py
[0.048s] -- Up-to-date: /home/ssu/robotics-practice/class/class09/gazebo_ws/install/simple_arm_moveit/share/simple_arm_moveit/launch/setup_assistant.launch.py
[0.048s] -- Up-to-date: /home/ssu/robotics-practice/class/class09/gazebo_ws/install/simple_arm_moveit/share/simple_arm_moveit/launch/spawn_controllers.launch.py
[0.048s] -- Up-to-date: /home/ssu/robotics-practice/class/class09/gazebo_ws/install/simple_arm_moveit/share/simple_arm_moveit/launch/static_virtual_joint_tfs.launch.py
[0.048s] -- Up-to-date: /home/ssu/robotics-practice/class/class09/gazebo_ws/install/simple_arm_moveit/share/simple_arm_moveit/launch/warehouse_db.launch.py
[0.048s] -- Up-to-date: /home/ssu/robotics-practice/class/class09/gazebo_ws/install/simple_arm_moveit/share/simple_arm_moveit/launch/gazebo_moveit.launch.py
[0.048s] -- Up-to-date: /home/ssu/robotics-practice/class/class09/gazebo_ws/install/simple_arm_moveit/share/simple_arm_moveit/launch/gazebo_spawn.launch.py
[0.048s] -- Up-to-date: /home/ssu/robotics-practice/class/class09/gazebo_ws/install/simple_arm_moveit/share/simple_arm_moveit/config
[0.048s] -- Up-to-date: /home/ssu/robotics-practice/class/class09/gazebo_ws/install/simple_arm_moveit/share/simple_arm_moveit/config/simple_arm.srdf
[0.048s] -- Up-to-date: /home/ssu/robotics-practice/class/class09/gazebo_ws/install/simple_arm_moveit/share/simple_arm_moveit/config/joint_limits.yaml
[0.048s] -- Up-to-date: /home/ssu/robotics-practice/class/class09/gazebo_ws/install/simple_arm_moveit/share/simple_arm_moveit/config/pilz_cartesian_limits.yaml
[0.048s] -- Up-to-date: /home/ssu/robotics-practice/class/class09/gazebo_ws/install/simple_arm_moveit/share/simple_arm_moveit/config/kinematics.yaml
[0.048s] -- Up-to-date: /home/ssu/robotics-practice/class/class09/gazebo_ws/install/simple_arm_moveit/share/simple_arm_moveit/config/ros2_controllers.yaml
[0.048s] -- Up-to-date: /home/ssu/robotics-practice/class/class09/gazebo_ws/install/simple_arm_moveit/share/simple_arm_moveit/config/moveit_controllers.yaml
[0.048s] -- Up-to-date: /home/ssu/robotics-practice/class/class09/gazebo_ws/install/simple_arm_moveit/share/simple_arm_moveit/config/moveit.rviz
[0.049s] -- Up-to-date: /home/ssu/robotics-practice/class/class09/gazebo_ws/install/simple_arm_moveit/share/simple_arm_moveit/.setup_assistant
[0.050s] Invoked command in '/home/ssu/robotics-practice/class/class09/gazebo_ws/build/simple_arm_moveit' returned '0': AMENT_PREFIX_PATH=/home/ssu/robotics-practice/class/class09/gazebo_ws/install/simple_arm_description:/home/ssu/robotics-practice/class/class09/gazebo_ws/install/simple_arm_trajectory:/home/ssu/robotics-practice/class/class09/gazebo_ws/install/simple_arm_moveit:/opt/ros/humble CMAKE_PREFIX_PATH=${CMAKE_PREFIX_PATH}:/home/ssu/robotics-practice/class/class09/gazebo_ws/install/simple_arm_trajectory:/home/ssu/robotics-practice/class/class09/gazebo_ws/install/simple_arm_description:/opt/ros/humble PYTHONPATH=/home/ssu/robotics-practice/class/class09/gazebo_ws/install/simple_arm_description/lib/python3.10/site-packages:/home/ssu/robotics-practice/class/class09/gazebo_ws/install/simple_arm_trajectory/lib/python3.10/site-packages:/opt/ros/humble/lib/python3.10/site-packages:/opt/ros/humble/local/lib/python3.10/dist-packages /usr/bin/cmake --install /home/ssu/robotics-practice/class/class09/gazebo_ws/build/simple_arm_moveit
