[0.255s] Invoking command in '/home/ssu/robotics-practice/class/class07/gazebo_ws/src/simple_arm_description': PYTHONPATH=/home/ssu/robotics-practice/class/class07/gazebo_ws/build/simple_arm_description/prefix_override:/usr/lib/python3/dist-packages/colcon_core/task/python/colcon_distutils_commands:/home/ssu/robotics-practice/class/class07/gazebo_ws/install/simple_arm_description/lib/python3.10/site-packages:${PYTHONPATH} /usr/bin/python3 -W ignore:setup.py install is deprecated -W ignore:easy_install command is deprecated setup.py egg_info --egg-base ../../build/simple_arm_description build --build-base /home/ssu/robotics-practice/class/class07/gazebo_ws/build/simple_arm_description/build install --record /home/ssu/robotics-practice/class/class07/gazebo_ws/build/simple_arm_description/install.log --single-version-externally-managed install_data
[0.355s] running egg_info
[0.356s] writing ../../build/simple_arm_description/simple_arm_description.egg-info/PKG-INFO
[0.356s] writing dependency_links to ../../build/simple_arm_description/simple_arm_description.egg-info/dependency_links.txt
[0.356s] writing entry points to ../../build/simple_arm_description/simple_arm_description.egg-info/entry_points.txt
[0.356s] writing requirements to ../../build/simple_arm_description/simple_arm_description.egg-info/requires.txt
[0.356s] writing top-level names to ../../build/simple_arm_description/simple_arm_description.egg-info/top_level.txt
[0.358s] reading manifest file '../../build/simple_arm_description/simple_arm_description.egg-info/SOURCES.txt'
[0.358s] writing manifest file '../../build/simple_arm_description/simple_arm_description.egg-info/SOURCES.txt'
[0.358s] running build
[0.358s] running build_py
[0.358s] running install
[0.358s] running install_lib
[0.359s] running install_data
[0.359s] creating /home/ssu/robotics-practice/class/class07/gazebo_ws/install/simple_arm_description/share/simple_arm_description/launch
[0.359s] copying launch/display_launch.py -> /home/ssu/robotics-practice/class/class07/gazebo_ws/install/simple_arm_description/share/simple_arm_description/launch
[0.359s] creating /home/ssu/robotics-practice/class/class07/gazebo_ws/install/simple_arm_description/share/simple_arm_description/urdf
[0.359s] copying urdf/simple_arm.urdf -> /home/ssu/robotics-practice/class/class07/gazebo_ws/install/simple_arm_description/share/simple_arm_description/urdf
[0.359s] creating /home/ssu/robotics-practice/class/class07/gazebo_ws/install/simple_arm_description/share/simple_arm_description/rviz
[0.359s] running install_egg_info
[0.359s] removing '/home/ssu/robotics-practice/class/class07/gazebo_ws/install/simple_arm_description/lib/python3.10/site-packages/simple_arm_description-0.0.0-py3.10.egg-info' (and everything under it)
[0.359s] Copying ../../build/simple_arm_description/simple_arm_description.egg-info to /home/ssu/robotics-practice/class/class07/gazebo_ws/install/simple_arm_description/lib/python3.10/site-packages/simple_arm_description-0.0.0-py3.10.egg-info
[0.359s] running install_scripts
[0.367s] writing list of installed files to '/home/ssu/robotics-practice/class/class07/gazebo_ws/build/simple_arm_description/install.log'
[0.378s] Invoked command in '/home/ssu/robotics-practice/class/class07/gazebo_ws/src/simple_arm_description' returned '0': PYTHONPATH=/home/ssu/robotics-practice/class/class07/gazebo_ws/build/simple_arm_description/prefix_override:/usr/lib/python3/dist-packages/colcon_core/task/python/colcon_distutils_commands:/home/ssu/robotics-practice/class/class07/gazebo_ws/install/simple_arm_description/lib/python3.10/site-packages:${PYTHONPATH} /usr/bin/python3 -W ignore:setup.py install is deprecated -W ignore:easy_install command is deprecated setup.py egg_info --egg-base ../../build/simple_arm_description build --build-base /home/ssu/robotics-practice/class/class07/gazebo_ws/build/simple_arm_description/build install --record /home/ssu/robotics-practice/class/class07/gazebo_ws/build/simple_arm_description/install.log --single-version-externally-managed install_data
