running egg_info
writing ../../build/simple_arm_description/simple_arm_description.egg-info/PKG-INFO
writing dependency_links to ../../build/simple_arm_description/simple_arm_description.egg-info/dependency_links.txt
writing entry points to ../../build/simple_arm_description/simple_arm_description.egg-info/entry_points.txt
writing requirements to ../../build/simple_arm_description/simple_arm_description.egg-info/requires.txt
writing top-level names to ../../build/simple_arm_description/simple_arm_description.egg-info/top_level.txt
reading manifest file '../../build/simple_arm_description/simple_arm_description.egg-info/SOURCES.txt'
writing manifest file '../../build/simple_arm_description/simple_arm_description.egg-info/SOURCES.txt'
running build
running build_py
running install
running install_lib
running install_data
copying launch/gazebo_spawn_launch.py -> /home/ssu/robotics-practice/class/class08/gazebo_ws/install/simple_arm_description/share/simple_arm_description/launch
running install_egg_info
removing '/home/ssu/robotics-practice/class/class08/gazebo_ws/install/simple_arm_description/lib/python3.10/site-packages/simple_arm_description-0.0.0-py3.10.egg-info' (and everything under it)
Copying ../../build/simple_arm_description/simple_arm_description.egg-info to /home/ssu/robotics-practice/class/class08/gazebo_ws/install/simple_arm_description/lib/python3.10/site-packages/simple_arm_description-0.0.0-py3.10.egg-info
running install_scripts
Installing arm_sequencer script to /home/ssu/robotics-practice/class/class08/gazebo_ws/install/simple_arm_description/lib/simple_arm_description
Installing auto_stop script to /home/ssu/robotics-practice/class/class08/gazebo_ws/install/simple_arm_description/lib/simple_arm_description
Installing joint_monitor script to /home/ssu/robotics-practice/class/class08/gazebo_ws/install/simple_arm_description/lib/simple_arm_description
writing list of installed files to '/home/ssu/robotics-practice/class/class08/gazebo_ws/build/simple_arm_description/install.log'
