[0.009s] Invoking command in '/home/ssu/robotics-practice/class/class06/my_urdf/build/my_urdf': CMAKE_PREFIX_PATH=/opt/ros/humble /usr/bin/cmake /home/ssu/robotics-practice/class/class06/my_urdf/src/my_urdf -DCMAKE_INSTALL_PREFIX=/home/ssu/robotics-practice/class/class06/my_urdf/install/my_urdf
[0.086s] -- The C compiler identification is GNU 11.4.0
[0.138s] -- The CXX compiler identification is GNU 11.4.0
[0.145s] -- Detecting C compiler ABI info
[0.198s] -- Detecting C compiler ABI info - done
[0.202s] -- Check for working C compiler: /usr/bin/cc - skipped
[0.202s] -- Detecting C compile features
[0.203s] -- Detecting C compile features - done
[0.205s] -- Detecting CXX compiler ABI info
[0.262s] -- Detecting CXX compiler ABI info - done
[0.267s] -- Check for working CXX compiler: /usr/bin/c++ - skipped
[0.267s] -- Detecting CXX compile features
[0.267s] -- Detecting CXX compile features - done
[0.269s] -- Found ament_cmake: 1.3.13 (/opt/ros/humble/share/ament_cmake/cmake)
[0.352s] -- Found Python3: /usr/bin/python3 (found version "3.10.12") found components: Interpreter 
[0.400s] -- Found ament_lint_auto: 0.12.15 (/opt/ros/humble/share/ament_lint_auto/cmake)
[0.439s] -- Added test 'lint_cmake' to check CMake code style
[0.439s] -- Added test 'xmllint' to check XML markup files
[0.440s] -- Configuring done
[0.441s] -- Generating done
[0.442s] -- Build files have been written to: /home/ssu/robotics-practice/class/class06/my_urdf/build/my_urdf
[0.448s] Invoked command in '/home/ssu/robotics-practice/class/class06/my_urdf/build/my_urdf' returned '0': CMAKE_PREFIX_PATH=/opt/ros/humble /usr/bin/cmake /home/ssu/robotics-practice/class/class06/my_urdf/src/my_urdf -DCMAKE_INSTALL_PREFIX=/home/ssu/robotics-practice/class/class06/my_urdf/install/my_urdf
[0.448s] Invoking command in '/home/ssu/robotics-practice/class/class06/my_urdf/build/my_urdf': CMAKE_PREFIX_PATH=/opt/ros/humble /usr/bin/cmake --build /home/ssu/robotics-practice/class/class06/my_urdf/build/my_urdf -- -j14 -l14
[0.473s] Invoked command in '/home/ssu/robotics-practice/class/class06/my_urdf/build/my_urdf' returned '0': CMAKE_PREFIX_PATH=/opt/ros/humble /usr/bin/cmake --build /home/ssu/robotics-practice/class/class06/my_urdf/build/my_urdf -- -j14 -l14
[0.478s] Invoking command in '/home/ssu/robotics-practice/class/class06/my_urdf/build/my_urdf': CMAKE_PREFIX_PATH=/opt/ros/humble /usr/bin/cmake --install /home/ssu/robotics-practice/class/class06/my_urdf/build/my_urdf
[0.483s] -- Install configuration: ""
[0.483s] -- Installing: /home/ssu/robotics-practice/class/class06/my_urdf/install/my_urdf/share/ament_index/resource_index/package_run_dependencies/my_urdf
[0.484s] -- Installing: /home/ssu/robotics-practice/class/class06/my_urdf/install/my_urdf/share/ament_index/resource_index/parent_prefix_path/my_urdf
[0.484s] -- Installing: /home/ssu/robotics-practice/class/class06/my_urdf/install/my_urdf/share/my_urdf/environment/ament_prefix_path.sh
[0.484s] -- Installing: /home/ssu/robotics-practice/class/class06/my_urdf/install/my_urdf/share/my_urdf/environment/ament_prefix_path.dsv
[0.484s] -- Installing: /home/ssu/robotics-practice/class/class06/my_urdf/install/my_urdf/share/my_urdf/environment/path.sh
[0.484s] -- Installing: /home/ssu/robotics-practice/class/class06/my_urdf/install/my_urdf/share/my_urdf/environment/path.dsv
[0.484s] -- Installing: /home/ssu/robotics-practice/class/class06/my_urdf/install/my_urdf/share/my_urdf/local_setup.bash
[0.484s] -- Installing: /home/ssu/robotics-practice/class/class06/my_urdf/install/my_urdf/share/my_urdf/local_setup.sh
[0.484s] -- Installing: /home/ssu/robotics-practice/class/class06/my_urdf/install/my_urdf/share/my_urdf/local_setup.zsh
[0.485s] -- Installing: /home/ssu/robotics-practice/class/class06/my_urdf/install/my_urdf/share/my_urdf/local_setup.dsv
[0.485s] -- Installing: /home/ssu/robotics-practice/class/class06/my_urdf/install/my_urdf/share/my_urdf/package.dsv
[0.485s] -- Installing: /home/ssu/robotics-practice/class/class06/my_urdf/install/my_urdf/share/ament_index/resource_index/packages/my_urdf
[0.485s] -- Installing: /home/ssu/robotics-practice/class/class06/my_urdf/install/my_urdf/share/my_urdf/cmake/my_urdfConfig.cmake
[0.485s] -- Installing: /home/ssu/robotics-practice/class/class06/my_urdf/install/my_urdf/share/my_urdf/cmake/my_urdfConfig-version.cmake
[0.485s] -- Installing: /home/ssu/robotics-practice/class/class06/my_urdf/install/my_urdf/share/my_urdf/package.xml
[0.486s] Invoked command in '/home/ssu/robotics-practice/class/class06/my_urdf/build/my_urdf' returned '0': CMAKE_PREFIX_PATH=/opt/ros/humble /usr/bin/cmake --install /home/ssu/robotics-practice/class/class06/my_urdf/build/my_urdf
