running egg_info
writing ../../build/simple_arm_description/simple_arm_description.egg-info/PKG-INFO
writing dependency_links to ../../build/simple_arm_description/simple_arm_description.egg-info/dependency_links.txt
writing entry points to ../../build/simple_arm_description/simple_arm_description.egg-info/entry_points.txt
writing requirements to ../../build/simple_arm_description/simple_arm_description.egg-info/requires.txt
writing top-level names to ../../build/simple_arm_description/simple_arm_description.egg-info/top_level.txt
reading manifest file '../../build/simple_arm_description/simple_arm_description.egg-info/SOURCES.txt'
writing manifest file '../../build/simple_arm_description/simple_arm_description.egg-info/SOURCES.txt'
running build
running build_py
copying simple_arm_description/waypoint_sequencer.py -> /home/ssu/robotics-practice/class/class08/gazebo_ws/build/simple_arm_description/build/lib/simple_arm_description
running install
running install_lib
copying /home/ssu/robotics-practice/class/class08/gazebo_ws/build/simple_arm_description/build/lib/simple_arm_description/waypoint_sequencer.py -> /home/ssu/robotics-practice/class/class08/gazebo_ws/install/simple_arm_description/lib/python3.10/site-packages/simple_arm_description
byte-compiling /home/ssu/robotics-practice/class/class08/gazebo_ws/install/simple_arm_description/lib/python3.10/site-packages/simple_arm_description/waypoint_sequencer.py to waypoint_sequencer.cpython-310.pyc
running install_data
running install_egg_info
removing '/home/ssu/robotics-practice/class/class08/gazebo_ws/install/simple_arm_description/lib/python3.10/site-packages/simple_arm_description-0.0.0-py3.10.egg-info' (and everything under it)
Copying ../../build/simple_arm_description/simple_arm_description.egg-info to /home/ssu/robotics-practice/class/class08/gazebo_ws/install/simple_arm_description/lib/python3.10/site-packages/simple_arm_description-0.0.0-py3.10.egg-info
running install_scripts
Installing joint_monitor script to /home/ssu/robotics-practice/class/class08/gazebo_ws/install/simple_arm_description/lib/simple_arm_description
Installing state_monitor script to /home/ssu/robotics-practice/class/class08/gazebo_ws/install/simple_arm_description/lib/simple_arm_description
Installing trajectory_publisher script to /home/ssu/robotics-practice/class/class08/gazebo_ws/install/simple_arm_description/lib/simple_arm_description
Installing waypoint_sequencer script to /home/ssu/robotics-practice/class/class08/gazebo_ws/install/simple_arm_description/lib/simple_arm_description
writing list of installed files to '/home/ssu/robotics-practice/class/class08/gazebo_ws/build/simple_arm_description/install.log'
