[0.261s] Invoking command in '/home/ssu/robotics-practice/class/class08/gazebo_ws/src/simple_arm_description': PYTHONPATH=/home/ssu/robotics-practice/class/class08/gazebo_ws/build/simple_arm_description/prefix_override:/usr/lib/python3/dist-packages/colcon_core/task/python/colcon_distutils_commands:/home/ssu/robotics-practice/class/class08/gazebo_ws/install/simple_arm_description/lib/python3.10/site-packages:${PYTHONPATH} /usr/bin/python3 -W ignore:setup.py install is deprecated -W ignore:easy_install command is deprecated setup.py egg_info --egg-base ../../build/simple_arm_description build --build-base /home/ssu/robotics-practice/class/class08/gazebo_ws/build/simple_arm_description/build install --record /home/ssu/robotics-practice/class/class08/gazebo_ws/build/simple_arm_description/install.log --single-version-externally-managed install_data
[0.359s] running egg_info
[0.359s] writing ../../build/simple_arm_description/simple_arm_description.egg-info/PKG-INFO
[0.359s] writing dependency_links to ../../build/simple_arm_description/simple_arm_description.egg-info/dependency_links.txt
[0.359s] writing entry points to ../../build/simple_arm_description/simple_arm_description.egg-info/entry_points.txt
[0.359s] writing requirements to ../../build/simple_arm_description/simple_arm_description.egg-info/requires.txt
[0.359s] writing top-level names to ../../build/simple_arm_description/simple_arm_description.egg-info/top_level.txt
[0.362s] reading manifest file '../../build/simple_arm_description/simple_arm_description.egg-info/SOURCES.txt'
[0.362s] writing manifest file '../../build/simple_arm_description/simple_arm_description.egg-info/SOURCES.txt'
[0.362s] running build
[0.362s] running build_py
[0.362s] copying simple_arm_description/waypoint_sequencer.py -> /home/ssu/robotics-practice/class/class08/gazebo_ws/build/simple_arm_description/build/lib/simple_arm_description
[0.362s] running install
[0.362s] running install_lib
[0.362s] copying /home/ssu/robotics-practice/class/class08/gazebo_ws/build/simple_arm_description/build/lib/simple_arm_description/waypoint_sequencer.py -> /home/ssu/robotics-practice/class/class08/gazebo_ws/install/simple_arm_description/lib/python3.10/site-packages/simple_arm_description
[0.362s] byte-compiling /home/ssu/robotics-practice/class/class08/gazebo_ws/install/simple_arm_description/lib/python3.10/site-packages/simple_arm_description/waypoint_sequencer.py to waypoint_sequencer.cpython-310.pyc
[0.362s] running install_data
[0.362s] running install_egg_info
[0.362s] removing '/home/ssu/robotics-practice/class/class08/gazebo_ws/install/simple_arm_description/lib/python3.10/site-packages/simple_arm_description-0.0.0-py3.10.egg-info' (and everything under it)
[0.363s] Copying ../../build/simple_arm_description/simple_arm_description.egg-info to /home/ssu/robotics-practice/class/class08/gazebo_ws/install/simple_arm_description/lib/python3.10/site-packages/simple_arm_description-0.0.0-py3.10.egg-info
[0.363s] running install_scripts
[0.373s] Installing joint_monitor script to /home/ssu/robotics-practice/class/class08/gazebo_ws/install/simple_arm_description/lib/simple_arm_description
[0.373s] Installing state_monitor script to /home/ssu/robotics-practice/class/class08/gazebo_ws/install/simple_arm_description/lib/simple_arm_description
[0.373s] Installing trajectory_publisher script to /home/ssu/robotics-practice/class/class08/gazebo_ws/install/simple_arm_description/lib/simple_arm_description
[0.373s] Installing waypoint_sequencer script to /home/ssu/robotics-practice/class/class08/gazebo_ws/install/simple_arm_description/lib/simple_arm_description
[0.373s] writing list of installed files to '/home/ssu/robotics-practice/class/class08/gazebo_ws/build/simple_arm_description/install.log'
[0.384s] Invoked command in '/home/ssu/robotics-practice/class/class08/gazebo_ws/src/simple_arm_description' returned '0': PYTHONPATH=/home/ssu/robotics-practice/class/class08/gazebo_ws/build/simple_arm_description/prefix_override:/usr/lib/python3/dist-packages/colcon_core/task/python/colcon_distutils_commands:/home/ssu/robotics-practice/class/class08/gazebo_ws/install/simple_arm_description/lib/python3.10/site-packages:${PYTHONPATH} /usr/bin/python3 -W ignore:setup.py install is deprecated -W ignore:easy_install command is deprecated setup.py egg_info --egg-base ../../build/simple_arm_description build --build-base /home/ssu/robotics-practice/class/class08/gazebo_ws/build/simple_arm_description/build install --record /home/ssu/robotics-practice/class/class08/gazebo_ws/build/simple_arm_description/install.log --single-version-externally-managed install_data
