[0.006s] Invoking command in '/home/ssu/robotics-practice/class/class06/my_urdf/build/my_urdf': CMAKE_PREFIX_PATH=${CMAKE_PREFIX_PATH}:/opt/ros/humble /usr/bin/cmake --build /home/ssu/robotics-practice/class/class06/my_urdf/build/my_urdf -- -j14 -l14
[0.024s] -- Found ament_cmake: 1.3.13 (/opt/ros/humble/share/ament_cmake/cmake)
[0.088s] -- Found ament_lint_auto: 0.12.15 (/opt/ros/humble/share/ament_lint_auto/cmake)
[0.118s] -- Added test 'flake8' to check Python code syntax and style conventions
[0.118s] -- Added test 'lint_cmake' to check CMake code style
[0.119s] -- Added test 'pep257' to check Python code against some of the docstring style conventions in PEP 257
[0.119s] -- Added test 'xmllint' to check XML markup files
[0.119s] -- Configuring done
[0.120s] -- Generating done
[0.121s] -- Build files have been written to: /home/ssu/robotics-practice/class/class06/my_urdf/build/my_urdf
[0.138s] Invoked command in '/home/ssu/robotics-practice/class/class06/my_urdf/build/my_urdf' returned '0': CMAKE_PREFIX_PATH=${CMAKE_PREFIX_PATH}:/opt/ros/humble /usr/bin/cmake --build /home/ssu/robotics-practice/class/class06/my_urdf/build/my_urdf -- -j14 -l14
[0.143s] Invoking command in '/home/ssu/robotics-practice/class/class06/my_urdf/build/my_urdf': CMAKE_PREFIX_PATH=${CMAKE_PREFIX_PATH}:/opt/ros/humble /usr/bin/cmake --install /home/ssu/robotics-practice/class/class06/my_urdf/build/my_urdf
[0.146s] -- Install configuration: ""
[0.146s] -- Installing: /home/ssu/robotics-practice/class/class06/my_urdf/install/my_urdf/share/my_urdf/urdf
[0.146s] -- Installing: /home/ssu/robotics-practice/class/class06/my_urdf/install/my_urdf/share/my_urdf/urdf/myfirst.urdf
[0.146s] -- Installing: /home/ssu/robotics-practice/class/class06/my_urdf/install/my_urdf/share/my_urdf/launch
[0.146s] -- Installing: /home/ssu/robotics-practice/class/class06/my_urdf/install/my_urdf/share/my_urdf/launch/simple_display.launch.py
[0.146s] -- Up-to-date: /home/ssu/robotics-practice/class/class06/my_urdf/install/my_urdf/share/ament_index/resource_index/package_run_dependencies/my_urdf
[0.146s] -- Installing: /home/ssu/robotics-practice/class/class06/my_urdf/install/my_urdf/share/ament_index/resource_index/parent_prefix_path/my_urdf
[0.147s] -- Up-to-date: /home/ssu/robotics-practice/class/class06/my_urdf/install/my_urdf/share/my_urdf/environment/ament_prefix_path.sh
[0.147s] -- Installing: /home/ssu/robotics-practice/class/class06/my_urdf/install/my_urdf/share/my_urdf/environment/ament_prefix_path.dsv
[0.147s] -- Up-to-date: /home/ssu/robotics-practice/class/class06/my_urdf/install/my_urdf/share/my_urdf/environment/path.sh
[0.147s] -- Installing: /home/ssu/robotics-practice/class/class06/my_urdf/install/my_urdf/share/my_urdf/environment/path.dsv
[0.147s] -- Up-to-date: /home/ssu/robotics-practice/class/class06/my_urdf/install/my_urdf/share/my_urdf/local_setup.bash
[0.147s] -- Up-to-date: /home/ssu/robotics-practice/class/class06/my_urdf/install/my_urdf/share/my_urdf/local_setup.sh
[0.147s] -- Up-to-date: /home/ssu/robotics-practice/class/class06/my_urdf/install/my_urdf/share/my_urdf/local_setup.zsh
[0.148s] -- Installing: /home/ssu/robotics-practice/class/class06/my_urdf/install/my_urdf/share/my_urdf/local_setup.dsv
[0.148s] -- Installing: /home/ssu/robotics-practice/class/class06/my_urdf/install/my_urdf/share/my_urdf/package.dsv
[0.148s] -- Up-to-date: /home/ssu/robotics-practice/class/class06/my_urdf/install/my_urdf/share/ament_index/resource_index/packages/my_urdf
[0.148s] -- Up-to-date: /home/ssu/robotics-practice/class/class06/my_urdf/install/my_urdf/share/my_urdf/cmake/my_urdfConfig.cmake
[0.148s] -- Up-to-date: /home/ssu/robotics-practice/class/class06/my_urdf/install/my_urdf/share/my_urdf/cmake/my_urdfConfig-version.cmake
[0.148s] -- Up-to-date: /home/ssu/robotics-practice/class/class06/my_urdf/install/my_urdf/share/my_urdf/package.xml
[0.149s] Invoked command in '/home/ssu/robotics-practice/class/class06/my_urdf/build/my_urdf' returned '0': CMAKE_PREFIX_PATH=${CMAKE_PREFIX_PATH}:/opt/ros/humble /usr/bin/cmake --install /home/ssu/robotics-practice/class/class06/my_urdf/build/my_urdf
