-- Install configuration: ""
-- Up-to-date: /home/ssu/robotics-practice/class/class06/my_urdf/install/my_urdf/share/my_urdf/urdf
-- Up-to-date: /home/ssu/robotics-practice/class/class06/my_urdf/install/my_urdf/share/my_urdf/urdf/myfirst.urdf
-- Up-to-date: /home/ssu/robotics-practice/class/class06/my_urdf/install/my_urdf/share/my_urdf/urdf/my_robot.urdf
-- Installing: /home/ssu/robotics-practice/class/class06/my_urdf/install/my_urdf/share/my_urdf/urdf/my_robot.urdf.xacro
-- Up-to-date: /home/ssu/robotics-practice/class/class06/my_urdf/install/my_urdf/share/my_urdf/launch
-- Up-to-date: /home/ssu/robotics-practice/class/class06/my_urdf/install/my_urdf/share/my_urdf/launch/simple_display.launch.py
-- Up-to-date: /home/ssu/robotics-practice/class/class06/my_urdf/install/my_urdf/share/my_urdf/rviz
-- Up-to-date: /home/ssu/robotics-practice/class/class06/my_urdf/install/my_urdf/share/my_urdf/rviz/urdf.rviz
-- Up-to-date: /home/ssu/robotics-practice/class/class06/my_urdf/install/my_urdf/share/ament_index/resource_index/package_run_dependencies/my_urdf
-- Up-to-date: /home/ssu/robotics-practice/class/class06/my_urdf/install/my_urdf/share/ament_index/resource_index/parent_prefix_path/my_urdf
-- Up-to-date: /home/ssu/robotics-practice/class/class06/my_urdf/install/my_urdf/share/my_urdf/environment/ament_prefix_path.sh
-- Up-to-date: /home/ssu/robotics-practice/class/class06/my_urdf/install/my_urdf/share/my_urdf/environment/ament_prefix_path.dsv
-- Up-to-date: /home/ssu/robotics-practice/class/class06/my_urdf/install/my_urdf/share/my_urdf/environment/path.sh
-- Up-to-date: /home/ssu/robotics-practice/class/class06/my_urdf/install/my_urdf/share/my_urdf/environment/path.dsv
-- Up-to-date: /home/ssu/robotics-practice/class/class06/my_urdf/install/my_urdf/share/my_urdf/local_setup.bash
-- Up-to-date: /home/ssu/robotics-practice/class/class06/my_urdf/install/my_urdf/share/my_urdf/local_setup.sh
-- Up-to-date: /home/ssu/robotics-practice/class/class06/my_urdf/install/my_urdf/share/my_urdf/local_setup.zsh
-- Up-to-date: /home/ssu/robotics-practice/class/class06/my_urdf/install/my_urdf/share/my_urdf/local_setup.dsv
-- Installing: /home/ssu/robotics-practice/class/class06/my_urdf/install/my_urdf/share/my_urdf/package.dsv
-- Up-to-date: /home/ssu/robotics-practice/class/class06/my_urdf/install/my_urdf/share/ament_index/resource_index/packages/my_urdf
-- Up-to-date: /home/ssu/robotics-practice/class/class06/my_urdf/install/my_urdf/share/my_urdf/cmake/my_urdfConfig.cmake
-- Up-to-date: /home/ssu/robotics-practice/class/class06/my_urdf/install/my_urdf/share/my_urdf/cmake/my_urdfConfig-version.cmake
-- Up-to-date: /home/ssu/robotics-practice/class/class06/my_urdf/install/my_urdf/share/my_urdf/package.xml
