running egg_info
creating ../../build/simple_arm_trajectory/simple_arm_trajectory.egg-info
writing ../../build/simple_arm_trajectory/simple_arm_trajectory.egg-info/PKG-INFO
writing dependency_links to ../../build/simple_arm_trajectory/simple_arm_trajectory.egg-info/dependency_links.txt
writing entry points to ../../build/simple_arm_trajectory/simple_arm_trajectory.egg-info/entry_points.txt
writing requirements to ../../build/simple_arm_trajectory/simple_arm_trajectory.egg-info/requires.txt
writing top-level names to ../../build/simple_arm_trajectory/simple_arm_trajectory.egg-info/top_level.txt
writing manifest file '../../build/simple_arm_trajectory/simple_arm_trajectory.egg-info/SOURCES.txt'
reading manifest file '../../build/simple_arm_trajectory/simple_arm_trajectory.egg-info/SOURCES.txt'
writing manifest file '../../build/simple_arm_trajectory/simple_arm_trajectory.egg-info/SOURCES.txt'
running build
running build_py
creating /home/ssu/robotics-practice/class/class09/gazebo_ws/build/simple_arm_trajectory/build
creating /home/ssu/robotics-practice/class/class09/gazebo_ws/build/simple_arm_trajectory/build/lib
creating /home/ssu/robotics-practice/class/class09/gazebo_ws/build/simple_arm_trajectory/build/lib/simple_arm_trajectory
copying simple_arm_trajectory/__init__.py -> /home/ssu/robotics-practice/class/class09/gazebo_ws/build/simple_arm_trajectory/build/lib/simple_arm_trajectory
copying simple_arm_trajectory/controller_state_monitor.py -> /home/ssu/robotics-practice/class/class09/gazebo_ws/build/simple_arm_trajectory/build/lib/simple_arm_trajectory
running install
running install_lib
creating /home/ssu/robotics-practice/class/class09/gazebo_ws/install/simple_arm_trajectory/lib/python3.10/site-packages/simple_arm_trajectory
copying /home/ssu/robotics-practice/class/class09/gazebo_ws/build/simple_arm_trajectory/build/lib/simple_arm_trajectory/__init__.py -> /home/ssu/robotics-practice/class/class09/gazebo_ws/install/simple_arm_trajectory/lib/python3.10/site-packages/simple_arm_trajectory
copying /home/ssu/robotics-practice/class/class09/gazebo_ws/build/simple_arm_trajectory/build/lib/simple_arm_trajectory/controller_state_monitor.py -> /home/ssu/robotics-practice/class/class09/gazebo_ws/install/simple_arm_trajectory/lib/python3.10/site-packages/simple_arm_trajectory
byte-compiling /home/ssu/robotics-practice/class/class09/gazebo_ws/install/simple_arm_trajectory/lib/python3.10/site-packages/simple_arm_trajectory/__init__.py to __init__.cpython-310.pyc
byte-compiling /home/ssu/robotics-practice/class/class09/gazebo_ws/install/simple_arm_trajectory/lib/python3.10/site-packages/simple_arm_trajectory/controller_state_monitor.py to controller_state_monitor.cpython-310.pyc
running install_data
creating /home/ssu/robotics-practice/class/class09/gazebo_ws/install/simple_arm_trajectory/share/ament_index
creating /home/ssu/robotics-practice/class/class09/gazebo_ws/install/simple_arm_trajectory/share/ament_index/resource_index
creating /home/ssu/robotics-practice/class/class09/gazebo_ws/install/simple_arm_trajectory/share/ament_index/resource_index/packages
copying resource/simple_arm_trajectory -> /home/ssu/robotics-practice/class/class09/gazebo_ws/install/simple_arm_trajectory/share/ament_index/resource_index/packages
copying package.xml -> /home/ssu/robotics-practice/class/class09/gazebo_ws/install/simple_arm_trajectory/share/simple_arm_trajectory
running install_egg_info
Copying ../../build/simple_arm_trajectory/simple_arm_trajectory.egg-info to /home/ssu/robotics-practice/class/class09/gazebo_ws/install/simple_arm_trajectory/lib/python3.10/site-packages/simple_arm_trajectory-0.0.0-py3.10.egg-info
running install_scripts
Installing controller_state_monitor script to /home/ssu/robotics-practice/class/class09/gazebo_ws/install/simple_arm_trajectory/lib/simple_arm_trajectory
Installing send_waypoint script to /home/ssu/robotics-practice/class/class09/gazebo_ws/install/simple_arm_trajectory/lib/simple_arm_trajectory
Installing waypoint_action_follower script to /home/ssu/robotics-practice/class/class09/gazebo_ws/install/simple_arm_trajectory/lib/simple_arm_trajectory
writing list of installed files to '/home/ssu/robotics-practice/class/class09/gazebo_ws/build/simple_arm_trajectory/install.log'
