[0.368s] Invoking command in '/home/ssu/robotics-practice/class/class09/gazebo_ws/src/simple_arm_trajectory': PYTHONPATH=/home/ssu/robotics-practice/class/class09/gazebo_ws/build/simple_arm_trajectory/prefix_override:/usr/lib/python3/dist-packages/colcon_core/task/python/colcon_distutils_commands:/home/ssu/robotics-practice/class/class09/gazebo_ws/install/simple_arm_trajectory/lib/python3.10/site-packages:${PYTHONPATH} /usr/bin/python3 -W ignore:setup.py install is deprecated -W ignore:easy_install command is deprecated setup.py egg_info --egg-base ../../build/simple_arm_trajectory build --build-base /home/ssu/robotics-practice/class/class09/gazebo_ws/build/simple_arm_trajectory/build install --record /home/ssu/robotics-practice/class/class09/gazebo_ws/build/simple_arm_trajectory/install.log --single-version-externally-managed install_data
[0.467s] running egg_info
[0.468s] creating ../../build/simple_arm_trajectory/simple_arm_trajectory.egg-info
[0.468s] writing ../../build/simple_arm_trajectory/simple_arm_trajectory.egg-info/PKG-INFO
[0.468s] writing dependency_links to ../../build/simple_arm_trajectory/simple_arm_trajectory.egg-info/dependency_links.txt
[0.468s] writing entry points to ../../build/simple_arm_trajectory/simple_arm_trajectory.egg-info/entry_points.txt
[0.468s] writing requirements to ../../build/simple_arm_trajectory/simple_arm_trajectory.egg-info/requires.txt
[0.468s] writing top-level names to ../../build/simple_arm_trajectory/simple_arm_trajectory.egg-info/top_level.txt
[0.468s] writing manifest file '../../build/simple_arm_trajectory/simple_arm_trajectory.egg-info/SOURCES.txt'
[0.471s] reading manifest file '../../build/simple_arm_trajectory/simple_arm_trajectory.egg-info/SOURCES.txt'
[0.471s] writing manifest file '../../build/simple_arm_trajectory/simple_arm_trajectory.egg-info/SOURCES.txt'
[0.471s] running build
[0.471s] running build_py
[0.471s] creating /home/ssu/robotics-practice/class/class09/gazebo_ws/build/simple_arm_trajectory/build
[0.471s] creating /home/ssu/robotics-practice/class/class09/gazebo_ws/build/simple_arm_trajectory/build/lib
[0.471s] creating /home/ssu/robotics-practice/class/class09/gazebo_ws/build/simple_arm_trajectory/build/lib/simple_arm_trajectory
[0.471s] copying simple_arm_trajectory/__init__.py -> /home/ssu/robotics-practice/class/class09/gazebo_ws/build/simple_arm_trajectory/build/lib/simple_arm_trajectory
[0.471s] copying simple_arm_trajectory/controller_state_monitor.py -> /home/ssu/robotics-practice/class/class09/gazebo_ws/build/simple_arm_trajectory/build/lib/simple_arm_trajectory
[0.471s] running install
[0.471s] running install_lib
[0.471s] creating /home/ssu/robotics-practice/class/class09/gazebo_ws/install/simple_arm_trajectory/lib/python3.10/site-packages/simple_arm_trajectory
[0.471s] copying /home/ssu/robotics-practice/class/class09/gazebo_ws/build/simple_arm_trajectory/build/lib/simple_arm_trajectory/__init__.py -> /home/ssu/robotics-practice/class/class09/gazebo_ws/install/simple_arm_trajectory/lib/python3.10/site-packages/simple_arm_trajectory
[0.471s] copying /home/ssu/robotics-practice/class/class09/gazebo_ws/build/simple_arm_trajectory/build/lib/simple_arm_trajectory/controller_state_monitor.py -> /home/ssu/robotics-practice/class/class09/gazebo_ws/install/simple_arm_trajectory/lib/python3.10/site-packages/simple_arm_trajectory
[0.471s] byte-compiling /home/ssu/robotics-practice/class/class09/gazebo_ws/install/simple_arm_trajectory/lib/python3.10/site-packages/simple_arm_trajectory/__init__.py to __init__.cpython-310.pyc
[0.471s] byte-compiling /home/ssu/robotics-practice/class/class09/gazebo_ws/install/simple_arm_trajectory/lib/python3.10/site-packages/simple_arm_trajectory/controller_state_monitor.py to controller_state_monitor.cpython-310.pyc
[0.471s] running install_data
[0.471s] creating /home/ssu/robotics-practice/class/class09/gazebo_ws/install/simple_arm_trajectory/share/ament_index
[0.474s] creating /home/ssu/robotics-practice/class/class09/gazebo_ws/install/simple_arm_trajectory/share/ament_index/resource_index
[0.474s] creating /home/ssu/robotics-practice/class/class09/gazebo_ws/install/simple_arm_trajectory/share/ament_index/resource_index/packages
[0.474s] copying resource/simple_arm_trajectory -> /home/ssu/robotics-practice/class/class09/gazebo_ws/install/simple_arm_trajectory/share/ament_index/resource_index/packages
[0.474s] copying package.xml -> /home/ssu/robotics-practice/class/class09/gazebo_ws/install/simple_arm_trajectory/share/simple_arm_trajectory
[0.474s] running install_egg_info
[0.474s] Copying ../../build/simple_arm_trajectory/simple_arm_trajectory.egg-info to /home/ssu/robotics-practice/class/class09/gazebo_ws/install/simple_arm_trajectory/lib/python3.10/site-packages/simple_arm_trajectory-0.0.0-py3.10.egg-info
[0.474s] running install_scripts
[0.481s] Installing controller_state_monitor script to /home/ssu/robotics-practice/class/class09/gazebo_ws/install/simple_arm_trajectory/lib/simple_arm_trajectory
[0.481s] Installing send_waypoint script to /home/ssu/robotics-practice/class/class09/gazebo_ws/install/simple_arm_trajectory/lib/simple_arm_trajectory
[0.481s] Installing waypoint_action_follower script to /home/ssu/robotics-practice/class/class09/gazebo_ws/install/simple_arm_trajectory/lib/simple_arm_trajectory
[0.482s] writing list of installed files to '/home/ssu/robotics-practice/class/class09/gazebo_ws/build/simple_arm_trajectory/install.log'
[0.493s] Invoked command in '/home/ssu/robotics-practice/class/class09/gazebo_ws/src/simple_arm_trajectory' returned '0': PYTHONPATH=/home/ssu/robotics-practice/class/class09/gazebo_ws/build/simple_arm_trajectory/prefix_override:/usr/lib/python3/dist-packages/colcon_core/task/python/colcon_distutils_commands:/home/ssu/robotics-practice/class/class09/gazebo_ws/install/simple_arm_trajectory/lib/python3.10/site-packages:${PYTHONPATH} /usr/bin/python3 -W ignore:setup.py install is deprecated -W ignore:easy_install command is deprecated setup.py egg_info --egg-base ../../build/simple_arm_trajectory build --build-base /home/ssu/robotics-practice/class/class09/gazebo_ws/build/simple_arm_trajectory/build install --record /home/ssu/robotics-practice/class/class09/gazebo_ws/build/simple_arm_trajectory/install.log --single-version-externally-managed install_data
