[0.048s] DEBUG:colcon:Command line arguments: ['/usr/bin/colcon', 'build']
[0.048s] DEBUG:colcon:Parsed command line arguments: Namespace(log_base=None, log_level=None, verb_name='build', build_base='build', install_base='install', merge_install=False, symlink_install=False, test_result_base=None, continue_on_error=False, executor='parallel', parallel_workers=14, event_handlers=None, ignore_user_meta=False, metas=['./colcon.meta'], base_paths=['.'], packages_ignore=None, packages_ignore_regex=None, paths=None, packages_up_to=None, packages_up_to_regex=None, packages_above=None, packages_above_and_dependencies=None, packages_above_depth=None, packages_select_by_dep=None, packages_skip_by_dep=None, packages_skip_up_to=None, packages_select_build_failed=False, packages_skip_build_finished=False, packages_select_test_failures=False, packages_skip_test_passed=False, packages_select=None, packages_skip=None, packages_select_regex=None, packages_skip_regex=None, packages_start=None, packages_end=None, allow_overriding=[], cmake_args=None, cmake_target=None, cmake_target_skip_unavailable=False, cmake_clean_cache=False, cmake_clean_first=False, cmake_force_configure=False, ament_cmake_args=None, catkin_cmake_args=None, catkin_skip_building_tests=False, mixin_files=None, mixin=None, verb_parser=<colcon_mixin.mixin.mixin_argument.MixinArgumentDecorator object at 0x744af8052a40>, verb_extension=<colcon_core.verb.build.BuildVerb object at 0x744af8143a30>, main=<bound method BuildVerb.main of <colcon_core.verb.build.BuildVerb object at 0x744af8143a30>>, mixin_verb=('build',))
[0.113s] Level 1:colcon.colcon_core.package_discovery:discover_packages(colcon_meta) check parameters
[0.113s] Level 1:colcon.colcon_core.package_discovery:discover_packages(recursive) check parameters
[0.113s] Level 1:colcon.colcon_core.package_discovery:discover_packages(ignore) check parameters
[0.113s] Level 1:colcon.colcon_core.package_discovery:discover_packages(path) check parameters
[0.113s] Level 1:colcon.colcon_core.package_discovery:discover_packages(colcon_meta) discover
[0.113s] Level 1:colcon.colcon_core.package_discovery:discover_packages(recursive) discover
[0.113s] INFO:colcon.colcon_core.package_discovery:Crawling recursively for packages in '/home/ssu/robotics-practice/class/class09/gazebo_ws'
[0.113s] Level 1:colcon.colcon_core.package_identification:_identify(.) by extensions ['ignore', 'ignore_ament_install']
[0.113s] Level 1:colcon.colcon_core.package_identification:_identify(.) by extension 'ignore'
[0.113s] Level 1:colcon.colcon_core.package_identification:_identify(.) by extension 'ignore_ament_install'
[0.113s] Level 1:colcon.colcon_core.package_identification:_identify(.) by extensions ['colcon_pkg']
[0.113s] Level 1:colcon.colcon_core.package_identification:_identify(.) by extension 'colcon_pkg'
[0.113s] Level 1:colcon.colcon_core.package_identification:_identify(.) by extensions ['colcon_meta']
[0.113s] Level 1:colcon.colcon_core.package_identification:_identify(.) by extension 'colcon_meta'
[0.113s] Level 1:colcon.colcon_core.package_identification:_identify(.) by extensions ['ros']
[0.113s] Level 1:colcon.colcon_core.package_identification:_identify(.) by extension 'ros'
[0.118s] Level 1:colcon.colcon_core.package_identification:_identify(.) by extensions ['cmake', 'python']
[0.118s] Level 1:colcon.colcon_core.package_identification:_identify(.) by extension 'cmake'
[0.118s] Level 1:colcon.colcon_core.package_identification:_identify(.) by extension 'python'
[0.118s] Level 1:colcon.colcon_core.package_identification:_identify(.) by extensions ['python_setup_py']
[0.118s] Level 1:colcon.colcon_core.package_identification:_identify(.) by extension 'python_setup_py'
[0.118s] Level 1:colcon.colcon_core.package_identification:_identify(build) by extensions ['ignore', 'ignore_ament_install']
[0.118s] Level 1:colcon.colcon_core.package_identification:_identify(build) by extension 'ignore'
[0.118s] Level 1:colcon.colcon_core.package_identification:_identify(build) ignored
[0.118s] Level 1:colcon.colcon_core.package_identification:_identify(install) by extensions ['ignore', 'ignore_ament_install']
[0.118s] Level 1:colcon.colcon_core.package_identification:_identify(install) by extension 'ignore'
[0.118s] Level 1:colcon.colcon_core.package_identification:_identify(install) ignored
[0.118s] Level 1:colcon.colcon_core.package_identification:_identify(log) by extensions ['ignore', 'ignore_ament_install']
[0.118s] Level 1:colcon.colcon_core.package_identification:_identify(log) by extension 'ignore'
[0.118s] Level 1:colcon.colcon_core.package_identification:_identify(log) ignored
[0.118s] Level 1:colcon.colcon_core.package_identification:_identify(src) by extensions ['ignore', 'ignore_ament_install']
[0.118s] Level 1:colcon.colcon_core.package_identification:_identify(src) by extension 'ignore'
[0.118s] Level 1:colcon.colcon_core.package_identification:_identify(src) by extension 'ignore_ament_install'
[0.118s] Level 1:colcon.colcon_core.package_identification:_identify(src) by extensions ['colcon_pkg']
[0.118s] Level 1:colcon.colcon_core.package_identification:_identify(src) by extension 'colcon_pkg'
[0.118s] Level 1:colcon.colcon_core.package_identification:_identify(src) by extensions ['colcon_meta']
[0.118s] Level 1:colcon.colcon_core.package_identification:_identify(src) by extension 'colcon_meta'
[0.118s] Level 1:colcon.colcon_core.package_identification:_identify(src) by extensions ['ros']
[0.118s] Level 1:colcon.colcon_core.package_identification:_identify(src) by extension 'ros'
[0.118s] Level 1:colcon.colcon_core.package_identification:_identify(src) by extensions ['cmake', 'python']
[0.118s] Level 1:colcon.colcon_core.package_identification:_identify(src) by extension 'cmake'
[0.118s] Level 1:colcon.colcon_core.package_identification:_identify(src) by extension 'python'
[0.119s] Level 1:colcon.colcon_core.package_identification:_identify(src) by extensions ['python_setup_py']
[0.119s] Level 1:colcon.colcon_core.package_identification:_identify(src) by extension 'python_setup_py'
[0.119s] Level 1:colcon.colcon_core.package_identification:_identify(src/simple_arm_description) by extensions ['ignore', 'ignore_ament_install']
[0.119s] Level 1:colcon.colcon_core.package_identification:_identify(src/simple_arm_description) by extension 'ignore'
[0.119s] Level 1:colcon.colcon_core.package_identification:_identify(src/simple_arm_description) by extension 'ignore_ament_install'
[0.119s] Level 1:colcon.colcon_core.package_identification:_identify(src/simple_arm_description) by extensions ['colcon_pkg']
[0.119s] Level 1:colcon.colcon_core.package_identification:_identify(src/simple_arm_description) by extension 'colcon_pkg'
[0.119s] Level 1:colcon.colcon_core.package_identification:_identify(src/simple_arm_description) by extensions ['colcon_meta']
[0.119s] Level 1:colcon.colcon_core.package_identification:_identify(src/simple_arm_description) by extension 'colcon_meta'
[0.119s] Level 1:colcon.colcon_core.package_identification:_identify(src/simple_arm_description) by extensions ['ros']
[0.119s] Level 1:colcon.colcon_core.package_identification:_identify(src/simple_arm_description) by extension 'ros'
[0.120s] DEBUG:colcon.colcon_core.package_identification:Package 'src/simple_arm_description' with type 'ros.ament_python' and name 'simple_arm_description'
[0.120s] Level 1:colcon.colcon_core.package_identification:_identify(src/simple_arm_moveit) by extensions ['ignore', 'ignore_ament_install']
[0.120s] Level 1:colcon.colcon_core.package_identification:_identify(src/simple_arm_moveit) by extension 'ignore'
[0.120s] Level 1:colcon.colcon_core.package_identification:_identify(src/simple_arm_moveit) by extension 'ignore_ament_install'
[0.120s] Level 1:colcon.colcon_core.package_identification:_identify(src/simple_arm_moveit) by extensions ['colcon_pkg']
[0.120s] Level 1:colcon.colcon_core.package_identification:_identify(src/simple_arm_moveit) by extension 'colcon_pkg'
[0.120s] Level 1:colcon.colcon_core.package_identification:_identify(src/simple_arm_moveit) by extensions ['colcon_meta']
[0.120s] Level 1:colcon.colcon_core.package_identification:_identify(src/simple_arm_moveit) by extension 'colcon_meta'
[0.120s] Level 1:colcon.colcon_core.package_identification:_identify(src/simple_arm_moveit) by extensions ['ros']
[0.120s] Level 1:colcon.colcon_core.package_identification:_identify(src/simple_arm_moveit) by extension 'ros'
[0.120s] DEBUG:colcon.colcon_core.package_identification:Package 'src/simple_arm_moveit' with type 'ros.ament_cmake' and name 'simple_arm_moveit'
[0.120s] Level 1:colcon.colcon_core.package_identification:_identify(src/simple_arm_trajectory) by extensions ['ignore', 'ignore_ament_install']
[0.120s] Level 1:colcon.colcon_core.package_identification:_identify(src/simple_arm_trajectory) by extension 'ignore'
[0.120s] Level 1:colcon.colcon_core.package_identification:_identify(src/simple_arm_trajectory) by extension 'ignore_ament_install'
[0.120s] Level 1:colcon.colcon_core.package_identification:_identify(src/simple_arm_trajectory) by extensions ['colcon_pkg']
[0.120s] Level 1:colcon.colcon_core.package_identification:_identify(src/simple_arm_trajectory) by extension 'colcon_pkg'
[0.121s] Level 1:colcon.colcon_core.package_identification:_identify(src/simple_arm_trajectory) by extensions ['colcon_meta']
[0.121s] Level 1:colcon.colcon_core.package_identification:_identify(src/simple_arm_trajectory) by extension 'colcon_meta'
[0.121s] Level 1:colcon.colcon_core.package_identification:_identify(src/simple_arm_trajectory) by extensions ['ros']
[0.121s] Level 1:colcon.colcon_core.package_identification:_identify(src/simple_arm_trajectory) by extension 'ros'
[0.121s] DEBUG:colcon.colcon_core.package_identification:Package 'src/simple_arm_trajectory' with type 'ros.ament_python' and name 'simple_arm_trajectory'
[0.121s] Level 1:colcon.colcon_core.package_discovery:discover_packages(recursive) using defaults
[0.121s] Level 1:colcon.colcon_core.package_discovery:discover_packages(ignore) discover
[0.121s] Level 1:colcon.colcon_core.package_discovery:discover_packages(ignore) using defaults
[0.121s] Level 1:colcon.colcon_core.package_discovery:discover_packages(path) discover
[0.121s] Level 1:colcon.colcon_core.package_discovery:discover_packages(path) using defaults
[0.135s] Level 1:colcon.colcon_core.package_discovery:discover_packages(prefix_path) check parameters
[0.135s] Level 1:colcon.colcon_core.package_discovery:discover_packages(prefix_path) discover
[0.135s] DEBUG:colcon.colcon_installed_package_information.package_discovery:Found 3 installed packages in /home/ssu/robotics-practice/class/class09/gazebo_ws/install
[0.136s] DEBUG:colcon.colcon_installed_package_information.package_discovery:Found 389 installed packages in /opt/ros/humble
[0.136s] Level 1:colcon.colcon_core.package_discovery:discover_packages(prefix_path) using defaults
[0.156s] Level 5:colcon.colcon_core.verb:set package 'simple_arm_description' build argument 'cmake_args' from command line to 'None'
[0.156s] Level 5:colcon.colcon_core.verb:set package 'simple_arm_description' build argument 'cmake_target' from command line to 'None'
[0.156s] Level 5:colcon.colcon_core.verb:set package 'simple_arm_description' build argument 'cmake_target_skip_unavailable' from command line to 'False'
[0.156s] Level 5:colcon.colcon_core.verb:set package 'simple_arm_description' build argument 'cmake_clean_cache' from command line to 'False'
[0.156s] Level 5:colcon.colcon_core.verb:set package 'simple_arm_description' build argument 'cmake_clean_first' from command line to 'False'
[0.156s] Level 5:colcon.colcon_core.verb:set package 'simple_arm_description' build argument 'cmake_force_configure' from command line to 'False'
[0.156s] Level 5:colcon.colcon_core.verb:set package 'simple_arm_description' build argument 'ament_cmake_args' from command line to 'None'
[0.156s] Level 5:colcon.colcon_core.verb:set package 'simple_arm_description' build argument 'catkin_cmake_args' from command line to 'None'
[0.156s] Level 5:colcon.colcon_core.verb:set package 'simple_arm_description' build argument 'catkin_skip_building_tests' from command line to 'False'
[0.156s] DEBUG:colcon.colcon_core.verb:Building package 'simple_arm_description' with the following arguments: {'ament_cmake_args': None, 'build_base': '/home/ssu/robotics-practice/class/class09/gazebo_ws/build/simple_arm_description', 'catkin_cmake_args': None, 'catkin_skip_building_tests': False, 'cmake_args': None, 'cmake_clean_cache': False, 'cmake_clean_first': False, 'cmake_force_configure': False, 'cmake_target': None, 'cmake_target_skip_unavailable': False, 'install_base': '/home/ssu/robotics-practice/class/class09/gazebo_ws/install/simple_arm_description', 'merge_install': False, 'path': '/home/ssu/robotics-practice/class/class09/gazebo_ws/src/simple_arm_description', 'symlink_install': False, 'test_result_base': None}
[0.156s] Level 5:colcon.colcon_core.verb:set package 'simple_arm_trajectory' build argument 'cmake_args' from command line to 'None'
[0.156s] Level 5:colcon.colcon_core.verb:set package 'simple_arm_trajectory' build argument 'cmake_target' from command line to 'None'
[0.156s] Level 5:colcon.colcon_core.verb:set package 'simple_arm_trajectory' build argument 'cmake_target_skip_unavailable' from command line to 'False'
[0.156s] Level 5:colcon.colcon_core.verb:set package 'simple_arm_trajectory' build argument 'cmake_clean_cache' from command line to 'False'
[0.156s] Level 5:colcon.colcon_core.verb:set package 'simple_arm_trajectory' build argument 'cmake_clean_first' from command line to 'False'
[0.156s] Level 5:colcon.colcon_core.verb:set package 'simple_arm_trajectory' build argument 'cmake_force_configure' from command line to 'False'
[0.156s] Level 5:colcon.colcon_core.verb:set package 'simple_arm_trajectory' build argument 'ament_cmake_args' from command line to 'None'
[0.156s] Level 5:colcon.colcon_core.verb:set package 'simple_arm_trajectory' build argument 'catkin_cmake_args' from command line to 'None'
[0.156s] Level 5:colcon.colcon_core.verb:set package 'simple_arm_trajectory' build argument 'catkin_skip_building_tests' from command line to 'False'
[0.156s] DEBUG:colcon.colcon_core.verb:Building package 'simple_arm_trajectory' with the following arguments: {'ament_cmake_args': None, 'build_base': '/home/ssu/robotics-practice/class/class09/gazebo_ws/build/simple_arm_trajectory', 'catkin_cmake_args': None, 'catkin_skip_building_tests': False, 'cmake_args': None, 'cmake_clean_cache': False, 'cmake_clean_first': False, 'cmake_force_configure': False, 'cmake_target': None, 'cmake_target_skip_unavailable': False, 'install_base': '/home/ssu/robotics-practice/class/class09/gazebo_ws/install/simple_arm_trajectory', 'merge_install': False, 'path': '/home/ssu/robotics-practice/class/class09/gazebo_ws/src/simple_arm_trajectory', 'symlink_install': False, 'test_result_base': None}
[0.156s] Level 5:colcon.colcon_core.verb:set package 'simple_arm_moveit' build argument 'cmake_args' from command line to 'None'
[0.156s] Level 5:colcon.colcon_core.verb:set package 'simple_arm_moveit' build argument 'cmake_target' from command line to 'None'
[0.156s] Level 5:colcon.colcon_core.verb:set package 'simple_arm_moveit' build argument 'cmake_target_skip_unavailable' from command line to 'False'
[0.156s] Level 5:colcon.colcon_core.verb:set package 'simple_arm_moveit' build argument 'cmake_clean_cache' from command line to 'False'
[0.156s] Level 5:colcon.colcon_core.verb:set package 'simple_arm_moveit' build argument 'cmake_clean_first' from command line to 'False'
[0.156s] Level 5:colcon.colcon_core.verb:set package 'simple_arm_moveit' build argument 'cmake_force_configure' from command line to 'False'
[0.156s] Level 5:colcon.colcon_core.verb:set package 'simple_arm_moveit' build argument 'ament_cmake_args' from command line to 'None'
[0.156s] Level 5:colcon.colcon_core.verb:set package 'simple_arm_moveit' build argument 'catkin_cmake_args' from command line to 'None'
[0.156s] Level 5:colcon.colcon_core.verb:set package 'simple_arm_moveit' build argument 'catkin_skip_building_tests' from command line to 'False'
[0.156s] DEBUG:colcon.colcon_core.verb:Building package 'simple_arm_moveit' with the following arguments: {'ament_cmake_args': None, 'build_base': '/home/ssu/robotics-practice/class/class09/gazebo_ws/build/simple_arm_moveit', 'catkin_cmake_args': None, 'catkin_skip_building_tests': False, 'cmake_args': None, 'cmake_clean_cache': False, 'cmake_clean_first': False, 'cmake_force_configure': False, 'cmake_target': None, 'cmake_target_skip_unavailable': False, 'install_base': '/home/ssu/robotics-practice/class/class09/gazebo_ws/install/simple_arm_moveit', 'merge_install': False, 'path': '/home/ssu/robotics-practice/class/class09/gazebo_ws/src/simple_arm_moveit', 'symlink_install': False, 'test_result_base': None}
[0.156s] INFO:colcon.colcon_core.executor:Executing jobs using 'parallel' executor
[0.157s] DEBUG:colcon.colcon_parallel_executor.executor.parallel:run_until_complete
[0.157s] INFO:colcon.colcon_ros.task.ament_python.build:Building ROS package in '/home/ssu/robotics-practice/class/class09/gazebo_ws/src/simple_arm_description' with build type 'ament_python'
[0.157s] Level 1:colcon.colcon_core.shell:create_environment_hook('simple_arm_description', 'ament_prefix_path')
[0.158s] INFO:colcon.colcon_core.plugin_system:Skipping extension 'colcon_core.shell.bat': Not used on non-Windows systems
[0.158s] INFO:colcon.colcon_core.shell:Creating environment hook '/home/ssu/robotics-practice/class/class09/gazebo_ws/install/simple_arm_description/share/simple_arm_description/hook/ament_prefix_path.ps1'
[0.159s] INFO:colcon.colcon_core.shell:Creating environment descriptor '/home/ssu/robotics-practice/class/class09/gazebo_ws/install/simple_arm_description/share/simple_arm_description/hook/ament_prefix_path.dsv'
[0.159s] INFO:colcon.colcon_core.shell:Creating environment hook '/home/ssu/robotics-practice/class/class09/gazebo_ws/install/simple_arm_description/share/simple_arm_description/hook/ament_prefix_path.sh'
[0.159s] INFO:colcon.colcon_core.shell:Skip shell extension 'powershell' for command environment: Not usable outside of PowerShell
[0.159s] DEBUG:colcon.colcon_core.shell:Skip shell extension 'dsv' for command environment
[0.161s] INFO:colcon.colcon_ros.task.ament_python.build:Building ROS package in '/home/ssu/robotics-practice/class/class09/gazebo_ws/src/simple_arm_trajectory' with build type 'ament_python'
[0.161s] Level 1:colcon.colcon_core.shell:create_environment_hook('simple_arm_trajectory', 'ament_prefix_path')
[0.161s] INFO:colcon.colcon_core.shell:Creating environment hook '/home/ssu/robotics-practice/class/class09/gazebo_ws/install/simple_arm_trajectory/share/simple_arm_trajectory/hook/ament_prefix_path.ps1'
[0.162s] INFO:colcon.colcon_core.shell:Creating environment descriptor '/home/ssu/robotics-practice/class/class09/gazebo_ws/install/simple_arm_trajectory/share/simple_arm_trajectory/hook/ament_prefix_path.dsv'
[0.162s] INFO:colcon.colcon_core.shell:Creating environment hook '/home/ssu/robotics-practice/class/class09/gazebo_ws/install/simple_arm_trajectory/share/simple_arm_trajectory/hook/ament_prefix_path.sh'
[0.162s] INFO:colcon.colcon_core.shell:Skip shell extension 'powershell' for command environment: Not usable outside of PowerShell
[0.162s] DEBUG:colcon.colcon_core.shell:Skip shell extension 'dsv' for command environment
[0.271s] INFO:colcon.colcon_core.task.python.build:Building Python package in '/home/ssu/robotics-practice/class/class09/gazebo_ws/src/simple_arm_description'
[0.271s] INFO:colcon.colcon_core.shell:Skip shell extension 'powershell' for command environment: Not usable outside of PowerShell
[0.271s] DEBUG:colcon.colcon_core.shell:Skip shell extension 'dsv' for command environment
[0.377s] INFO:colcon.colcon_core.task.python.build:Building Python package in '/home/ssu/robotics-practice/class/class09/gazebo_ws/src/simple_arm_trajectory'
[0.378s] INFO:colcon.colcon_core.shell:Skip shell extension 'powershell' for command environment: Not usable outside of PowerShell
[0.378s] DEBUG:colcon.colcon_core.shell:Skip shell extension 'dsv' for command environment
[0.530s] DEBUG:colcon.colcon_core.event_handler.log_command:Invoking command in '/home/ssu/robotics-practice/class/class09/gazebo_ws/src/simple_arm_description': PYTHONPATH=/home/ssu/robotics-practice/class/class09/gazebo_ws/build/simple_arm_description/prefix_override:/usr/lib/python3/dist-packages/colcon_core/task/python/colcon_distutils_commands:/home/ssu/robotics-practice/class/class09/gazebo_ws/install/simple_arm_description/lib/python3.10/site-packages:${PYTHONPATH} /usr/bin/python3 -W ignore:setup.py install is deprecated -W ignore:easy_install command is deprecated setup.py egg_info --egg-base ../../build/simple_arm_description build --build-base /home/ssu/robotics-practice/class/class09/gazebo_ws/build/simple_arm_description/build install --record /home/ssu/robotics-practice/class/class09/gazebo_ws/build/simple_arm_description/install.log --single-version-externally-managed install_data
[0.533s] DEBUG:colcon.colcon_core.event_handler.log_command:Invoking command in '/home/ssu/robotics-practice/class/class09/gazebo_ws/src/simple_arm_trajectory': PYTHONPATH=/home/ssu/robotics-practice/class/class09/gazebo_ws/build/simple_arm_trajectory/prefix_override:/usr/lib/python3/dist-packages/colcon_core/task/python/colcon_distutils_commands:/home/ssu/robotics-practice/class/class09/gazebo_ws/install/simple_arm_trajectory/lib/python3.10/site-packages:${PYTHONPATH} /usr/bin/python3 -W ignore:setup.py install is deprecated -W ignore:easy_install command is deprecated setup.py egg_info --egg-base ../../build/simple_arm_trajectory build --build-base /home/ssu/robotics-practice/class/class09/gazebo_ws/build/simple_arm_trajectory/build install --record /home/ssu/robotics-practice/class/class09/gazebo_ws/build/simple_arm_trajectory/install.log --single-version-externally-managed install_data
[0.655s] DEBUG:colcon.colcon_core.event_handler.log_command:Invoked command in '/home/ssu/robotics-practice/class/class09/gazebo_ws/src/simple_arm_trajectory' returned '0': PYTHONPATH=/home/ssu/robotics-practice/class/class09/gazebo_ws/build/simple_arm_trajectory/prefix_override:/usr/lib/python3/dist-packages/colcon_core/task/python/colcon_distutils_commands:/home/ssu/robotics-practice/class/class09/gazebo_ws/install/simple_arm_trajectory/lib/python3.10/site-packages:${PYTHONPATH} /usr/bin/python3 -W ignore:setup.py install is deprecated -W ignore:easy_install command is deprecated setup.py egg_info --egg-base ../../build/simple_arm_trajectory build --build-base /home/ssu/robotics-practice/class/class09/gazebo_ws/build/simple_arm_trajectory/build install --record /home/ssu/robotics-practice/class/class09/gazebo_ws/build/simple_arm_trajectory/install.log --single-version-externally-managed install_data
[0.656s] Level 1:colcon.colcon_core.environment:checking '/home/ssu/robotics-practice/class/class09/gazebo_ws/install/simple_arm_trajectory' for CMake module files
[0.657s] Level 1:colcon.colcon_core.environment:checking '/home/ssu/robotics-practice/class/class09/gazebo_ws/install/simple_arm_trajectory' for CMake config files
[0.657s] Level 1:colcon.colcon_core.environment:checking '/home/ssu/robotics-practice/class/class09/gazebo_ws/install/simple_arm_trajectory/lib'
[0.658s] Level 1:colcon.colcon_core.environment:checking '/home/ssu/robotics-practice/class/class09/gazebo_ws/install/simple_arm_trajectory/bin'
[0.658s] Level 1:colcon.colcon_core.environment:checking '/home/ssu/robotics-practice/class/class09/gazebo_ws/install/simple_arm_trajectory/lib/pkgconfig/simple_arm_trajectory.pc'
[0.658s] Level 1:colcon.colcon_core.environment:checking '/home/ssu/robotics-practice/class/class09/gazebo_ws/install/simple_arm_trajectory/lib/python3.10/site-packages'
[0.658s] Level 1:colcon.colcon_core.shell:create_environment_hook('simple_arm_trajectory', 'pythonpath')
[0.658s] INFO:colcon.colcon_core.shell:Creating environment hook '/home/ssu/robotics-practice/class/class09/gazebo_ws/install/simple_arm_trajectory/share/simple_arm_trajectory/hook/pythonpath.ps1'
[0.658s] INFO:colcon.colcon_core.shell:Creating environment descriptor '/home/ssu/robotics-practice/class/class09/gazebo_ws/install/simple_arm_trajectory/share/simple_arm_trajectory/hook/pythonpath.dsv'
[0.659s] INFO:colcon.colcon_core.shell:Creating environment hook '/home/ssu/robotics-practice/class/class09/gazebo_ws/install/simple_arm_trajectory/share/simple_arm_trajectory/hook/pythonpath.sh'
[0.659s] Level 1:colcon.colcon_core.environment:checking '/home/ssu/robotics-practice/class/class09/gazebo_ws/install/simple_arm_trajectory/bin'
[0.659s] Level 1:colcon.colcon_core.environment:create_environment_scripts_only(simple_arm_trajectory)
[0.659s] INFO:colcon.colcon_core.shell:Creating package script '/home/ssu/robotics-practice/class/class09/gazebo_ws/install/simple_arm_trajectory/share/simple_arm_trajectory/package.ps1'
[0.660s] INFO:colcon.colcon_core.shell:Creating package descriptor '/home/ssu/robotics-practice/class/class09/gazebo_ws/install/simple_arm_trajectory/share/simple_arm_trajectory/package.dsv'
[0.660s] INFO:colcon.colcon_core.shell:Creating package script '/home/ssu/robotics-practice/class/class09/gazebo_ws/install/simple_arm_trajectory/share/simple_arm_trajectory/package.sh'
[0.660s] INFO:colcon.colcon_core.shell:Creating package script '/home/ssu/robotics-practice/class/class09/gazebo_ws/install/simple_arm_trajectory/share/simple_arm_trajectory/package.bash'
[0.660s] INFO:colcon.colcon_core.shell:Creating package script '/home/ssu/robotics-practice/class/class09/gazebo_ws/install/simple_arm_trajectory/share/simple_arm_trajectory/package.zsh'
[0.661s] Level 1:colcon.colcon_core.environment:create_file_with_runtime_dependencies(/home/ssu/robotics-practice/class/class09/gazebo_ws/install/simple_arm_trajectory/share/colcon-core/packages/simple_arm_trajectory)
[0.661s] Level 1:colcon.colcon_core.environment:checking '/home/ssu/robotics-practice/class/class09/gazebo_ws/install/simple_arm_description' for CMake module files
[0.661s] Level 1:colcon.colcon_core.environment:checking '/home/ssu/robotics-practice/class/class09/gazebo_ws/install/simple_arm_description' for CMake config files
[0.662s] DEBUG:colcon.colcon_core.event_handler.log_command:Invoked command in '/home/ssu/robotics-practice/class/class09/gazebo_ws/src/simple_arm_description' returned '0': PYTHONPATH=/home/ssu/robotics-practice/class/class09/gazebo_ws/build/simple_arm_description/prefix_override:/usr/lib/python3/dist-packages/colcon_core/task/python/colcon_distutils_commands:/home/ssu/robotics-practice/class/class09/gazebo_ws/install/simple_arm_description/lib/python3.10/site-packages:${PYTHONPATH} /usr/bin/python3 -W ignore:setup.py install is deprecated -W ignore:easy_install command is deprecated setup.py egg_info --egg-base ../../build/simple_arm_description build --build-base /home/ssu/robotics-practice/class/class09/gazebo_ws/build/simple_arm_description/build install --record /home/ssu/robotics-practice/class/class09/gazebo_ws/build/simple_arm_description/install.log --single-version-externally-managed install_data
[0.662s] Level 1:colcon.colcon_core.environment:checking '/home/ssu/robotics-practice/class/class09/gazebo_ws/install/simple_arm_description/lib'
[0.662s] Level 1:colcon.colcon_core.environment:checking '/home/ssu/robotics-practice/class/class09/gazebo_ws/install/simple_arm_description/bin'
[0.662s] Level 1:colcon.colcon_core.environment:checking '/home/ssu/robotics-practice/class/class09/gazebo_ws/install/simple_arm_description/lib/pkgconfig/simple_arm_description.pc'
[0.662s] Level 1:colcon.colcon_core.environment:checking '/home/ssu/robotics-practice/class/class09/gazebo_ws/install/simple_arm_description/lib/python3.10/site-packages'
[0.662s] Level 1:colcon.colcon_core.shell:create_environment_hook('simple_arm_description', 'pythonpath')
[0.662s] INFO:colcon.colcon_core.shell:Creating environment hook '/home/ssu/robotics-practice/class/class09/gazebo_ws/install/simple_arm_description/share/simple_arm_description/hook/pythonpath.ps1'
[0.663s] INFO:colcon.colcon_core.shell:Creating environment descriptor '/home/ssu/robotics-practice/class/class09/gazebo_ws/install/simple_arm_description/share/simple_arm_description/hook/pythonpath.dsv'
[0.663s] INFO:colcon.colcon_core.shell:Creating environment hook '/home/ssu/robotics-practice/class/class09/gazebo_ws/install/simple_arm_description/share/simple_arm_description/hook/pythonpath.sh'
[0.663s] Level 1:colcon.colcon_core.environment:checking '/home/ssu/robotics-practice/class/class09/gazebo_ws/install/simple_arm_description/bin'
[0.663s] Level 1:colcon.colcon_core.environment:create_environment_scripts_only(simple_arm_description)
[0.663s] INFO:colcon.colcon_core.shell:Creating package script '/home/ssu/robotics-practice/class/class09/gazebo_ws/install/simple_arm_description/share/simple_arm_description/package.ps1'
[0.663s] INFO:colcon.colcon_core.shell:Creating package descriptor '/home/ssu/robotics-practice/class/class09/gazebo_ws/install/simple_arm_description/share/simple_arm_description/package.dsv'
[0.664s] INFO:colcon.colcon_core.shell:Creating package script '/home/ssu/robotics-practice/class/class09/gazebo_ws/install/simple_arm_description/share/simple_arm_description/package.sh'
[0.664s] INFO:colcon.colcon_core.shell:Creating package script '/home/ssu/robotics-practice/class/class09/gazebo_ws/install/simple_arm_description/share/simple_arm_description/package.bash'
[0.664s] INFO:colcon.colcon_core.shell:Creating package script '/home/ssu/robotics-practice/class/class09/gazebo_ws/install/simple_arm_description/share/simple_arm_description/package.zsh'
[0.664s] Level 1:colcon.colcon_core.environment:create_file_with_runtime_dependencies(/home/ssu/robotics-practice/class/class09/gazebo_ws/install/simple_arm_description/share/colcon-core/packages/simple_arm_description)
[0.664s] INFO:colcon.colcon_ros.task.ament_cmake.build:Building ROS package in '/home/ssu/robotics-practice/class/class09/gazebo_ws/src/simple_arm_moveit' with build type 'ament_cmake'
[0.664s] INFO:colcon.colcon_cmake.task.cmake.build:Building CMake package in '/home/ssu/robotics-practice/class/class09/gazebo_ws/src/simple_arm_moveit'
[0.664s] INFO:colcon.colcon_core.shell:Skip shell extension 'powershell' for command environment: Not usable outside of PowerShell
[0.664s] DEBUG:colcon.colcon_core.shell:Skip shell extension 'dsv' for command environment
[0.672s] DEBUG:colcon.colcon_core.event_handler.log_command:Invoking command in '/home/ssu/robotics-practice/class/class09/gazebo_ws/build/simple_arm_moveit': AMENT_PREFIX_PATH=/home/ssu/robotics-practice/class/class09/gazebo_ws/install/simple_arm_description:/home/ssu/robotics-practice/class/class09/gazebo_ws/install/simple_arm_trajectory:/home/ssu/robotics-practice/class/class09/gazebo_ws/install/simple_arm_moveit:/opt/ros/humble CMAKE_PREFIX_PATH=${CMAKE_PREFIX_PATH}:/home/ssu/robotics-practice/class/class09/gazebo_ws/install/simple_arm_trajectory:/home/ssu/robotics-practice/class/class09/gazebo_ws/install/simple_arm_description:/opt/ros/humble PYTHONPATH=/home/ssu/robotics-practice/class/class09/gazebo_ws/install/simple_arm_description/lib/python3.10/site-packages:/home/ssu/robotics-practice/class/class09/gazebo_ws/install/simple_arm_trajectory/lib/python3.10/site-packages:/opt/ros/humble/lib/python3.10/site-packages:/opt/ros/humble/local/lib/python3.10/dist-packages /usr/bin/cmake --build /home/ssu/robotics-practice/class/class09/gazebo_ws/build/simple_arm_moveit -- -j14 -l14
[0.694s] DEBUG:colcon.colcon_core.event_handler.log_command:Invoked command in '/home/ssu/robotics-practice/class/class09/gazebo_ws/build/simple_arm_moveit' returned '0': AMENT_PREFIX_PATH=/home/ssu/robotics-practice/class/class09/gazebo_ws/install/simple_arm_description:/home/ssu/robotics-practice/class/class09/gazebo_ws/install/simple_arm_trajectory:/home/ssu/robotics-practice/class/class09/gazebo_ws/install/simple_arm_moveit:/opt/ros/humble CMAKE_PREFIX_PATH=${CMAKE_PREFIX_PATH}:/home/ssu/robotics-practice/class/class09/gazebo_ws/install/simple_arm_trajectory:/home/ssu/robotics-practice/class/class09/gazebo_ws/install/simple_arm_description:/opt/ros/humble PYTHONPATH=/home/ssu/robotics-practice/class/class09/gazebo_ws/install/simple_arm_description/lib/python3.10/site-packages:/home/ssu/robotics-practice/class/class09/gazebo_ws/install/simple_arm_trajectory/lib/python3.10/site-packages:/opt/ros/humble/lib/python3.10/site-packages:/opt/ros/humble/local/lib/python3.10/dist-packages /usr/bin/cmake --build /home/ssu/robotics-practice/class/class09/gazebo_ws/build/simple_arm_moveit -- -j14 -l14
[0.701s] DEBUG:colcon.colcon_core.event_handler.log_command:Invoking command in '/home/ssu/robotics-practice/class/class09/gazebo_ws/build/simple_arm_moveit': AMENT_PREFIX_PATH=/home/ssu/robotics-practice/class/class09/gazebo_ws/install/simple_arm_description:/home/ssu/robotics-practice/class/class09/gazebo_ws/install/simple_arm_trajectory:/home/ssu/robotics-practice/class/class09/gazebo_ws/install/simple_arm_moveit:/opt/ros/humble CMAKE_PREFIX_PATH=${CMAKE_PREFIX_PATH}:/home/ssu/robotics-practice/class/class09/gazebo_ws/install/simple_arm_trajectory:/home/ssu/robotics-practice/class/class09/gazebo_ws/install/simple_arm_description:/opt/ros/humble PYTHONPATH=/home/ssu/robotics-practice/class/class09/gazebo_ws/install/simple_arm_description/lib/python3.10/site-packages:/home/ssu/robotics-practice/class/class09/gazebo_ws/install/simple_arm_trajectory/lib/python3.10/site-packages:/opt/ros/humble/lib/python3.10/site-packages:/opt/ros/humble/local/lib/python3.10/dist-packages /usr/bin/cmake --install /home/ssu/robotics-practice/class/class09/gazebo_ws/build/simple_arm_moveit
[0.706s] Level 1:colcon.colcon_core.environment:create_environment_scripts_only(simple_arm_moveit)
[0.707s] Level 1:colcon.colcon_core.environment:checking '/home/ssu/robotics-practice/class/class09/gazebo_ws/install/simple_arm_moveit' for CMake module files
[0.707s] DEBUG:colcon.colcon_core.event_handler.log_command:Invoked command in '/home/ssu/robotics-practice/class/class09/gazebo_ws/build/simple_arm_moveit' returned '0': AMENT_PREFIX_PATH=/home/ssu/robotics-practice/class/class09/gazebo_ws/install/simple_arm_description:/home/ssu/robotics-practice/class/class09/gazebo_ws/install/simple_arm_trajectory:/home/ssu/robotics-practice/class/class09/gazebo_ws/install/simple_arm_moveit:/opt/ros/humble CMAKE_PREFIX_PATH=${CMAKE_PREFIX_PATH}:/home/ssu/robotics-practice/class/class09/gazebo_ws/install/simple_arm_trajectory:/home/ssu/robotics-practice/class/class09/gazebo_ws/install/simple_arm_description:/opt/ros/humble PYTHONPATH=/home/ssu/robotics-practice/class/class09/gazebo_ws/install/simple_arm_description/lib/python3.10/site-packages:/home/ssu/robotics-practice/class/class09/gazebo_ws/install/simple_arm_trajectory/lib/python3.10/site-packages:/opt/ros/humble/lib/python3.10/site-packages:/opt/ros/humble/local/lib/python3.10/dist-packages /usr/bin/cmake --install /home/ssu/robotics-practice/class/class09/gazebo_ws/build/simple_arm_moveit
[0.707s] Level 1:colcon.colcon_core.environment:checking '/home/ssu/robotics-practice/class/class09/gazebo_ws/install/simple_arm_moveit' for CMake config files
[0.707s] Level 1:colcon.colcon_core.shell:create_environment_hook('simple_arm_moveit', 'cmake_prefix_path')
[0.707s] INFO:colcon.colcon_core.shell:Creating environment hook '/home/ssu/robotics-practice/class/class09/gazebo_ws/install/simple_arm_moveit/share/simple_arm_moveit/hook/cmake_prefix_path.ps1'
[0.708s] INFO:colcon.colcon_core.shell:Creating environment descriptor '/home/ssu/robotics-practice/class/class09/gazebo_ws/install/simple_arm_moveit/share/simple_arm_moveit/hook/cmake_prefix_path.dsv'
[0.708s] INFO:colcon.colcon_core.shell:Creating environment hook '/home/ssu/robotics-practice/class/class09/gazebo_ws/install/simple_arm_moveit/share/simple_arm_moveit/hook/cmake_prefix_path.sh'
[0.708s] Level 1:colcon.colcon_core.environment:checking '/home/ssu/robotics-practice/class/class09/gazebo_ws/install/simple_arm_moveit/bin'
[0.708s] Level 1:colcon.colcon_core.environment:checking '/home/ssu/robotics-practice/class/class09/gazebo_ws/install/simple_arm_moveit/lib/pkgconfig/simple_arm_moveit.pc'
[0.708s] Level 1:colcon.colcon_core.environment:checking '/home/ssu/robotics-practice/class/class09/gazebo_ws/install/simple_arm_moveit/lib/python3.10/site-packages'
[0.708s] Level 1:colcon.colcon_core.environment:checking '/home/ssu/robotics-practice/class/class09/gazebo_ws/install/simple_arm_moveit/bin'
[0.708s] INFO:colcon.colcon_core.shell:Creating package script '/home/ssu/robotics-practice/class/class09/gazebo_ws/install/simple_arm_moveit/share/simple_arm_moveit/package.ps1'
[0.709s] INFO:colcon.colcon_core.shell:Creating package descriptor '/home/ssu/robotics-practice/class/class09/gazebo_ws/install/simple_arm_moveit/share/simple_arm_moveit/package.dsv'
[0.709s] INFO:colcon.colcon_core.shell:Creating package script '/home/ssu/robotics-practice/class/class09/gazebo_ws/install/simple_arm_moveit/share/simple_arm_moveit/package.sh'
[0.709s] INFO:colcon.colcon_core.shell:Creating package script '/home/ssu/robotics-practice/class/class09/gazebo_ws/install/simple_arm_moveit/share/simple_arm_moveit/package.bash'
[0.709s] INFO:colcon.colcon_core.shell:Creating package script '/home/ssu/robotics-practice/class/class09/gazebo_ws/install/simple_arm_moveit/share/simple_arm_moveit/package.zsh'
[0.709s] Level 1:colcon.colcon_core.environment:create_file_with_runtime_dependencies(/home/ssu/robotics-practice/class/class09/gazebo_ws/install/simple_arm_moveit/share/colcon-core/packages/simple_arm_moveit)
[0.709s] Level 1:colcon.colcon_core.environment:create_environment_scripts_only(simple_arm_moveit)
[0.709s] Level 1:colcon.colcon_core.environment:checking '/home/ssu/robotics-practice/class/class09/gazebo_ws/install/simple_arm_moveit' for CMake module files
[0.710s] Level 1:colcon.colcon_core.environment:checking '/home/ssu/robotics-practice/class/class09/gazebo_ws/install/simple_arm_moveit' for CMake config files
[0.710s] Level 1:colcon.colcon_core.shell:create_environment_hook('simple_arm_moveit', 'cmake_prefix_path')
[0.710s] INFO:colcon.colcon_core.shell:Creating environment hook '/home/ssu/robotics-practice/class/class09/gazebo_ws/install/simple_arm_moveit/share/simple_arm_moveit/hook/cmake_prefix_path.ps1'
[0.710s] INFO:colcon.colcon_core.shell:Creating environment descriptor '/home/ssu/robotics-practice/class/class09/gazebo_ws/install/simple_arm_moveit/share/simple_arm_moveit/hook/cmake_prefix_path.dsv'
[0.710s] INFO:colcon.colcon_core.shell:Creating environment hook '/home/ssu/robotics-practice/class/class09/gazebo_ws/install/simple_arm_moveit/share/simple_arm_moveit/hook/cmake_prefix_path.sh'
[0.710s] Level 1:colcon.colcon_core.environment:checking '/home/ssu/robotics-practice/class/class09/gazebo_ws/install/simple_arm_moveit/bin'
[0.710s] Level 1:colcon.colcon_core.environment:checking '/home/ssu/robotics-practice/class/class09/gazebo_ws/install/simple_arm_moveit/lib/pkgconfig/simple_arm_moveit.pc'
[0.710s] Level 1:colcon.colcon_core.environment:checking '/home/ssu/robotics-practice/class/class09/gazebo_ws/install/simple_arm_moveit/lib/python3.10/site-packages'
[0.711s] Level 1:colcon.colcon_core.environment:checking '/home/ssu/robotics-practice/class/class09/gazebo_ws/install/simple_arm_moveit/bin'
[0.711s] INFO:colcon.colcon_core.shell:Creating package script '/home/ssu/robotics-practice/class/class09/gazebo_ws/install/simple_arm_moveit/share/simple_arm_moveit/package.ps1'
[0.711s] INFO:colcon.colcon_core.shell:Creating package descriptor '/home/ssu/robotics-practice/class/class09/gazebo_ws/install/simple_arm_moveit/share/simple_arm_moveit/package.dsv'
[0.711s] INFO:colcon.colcon_core.shell:Creating package script '/home/ssu/robotics-practice/class/class09/gazebo_ws/install/simple_arm_moveit/share/simple_arm_moveit/package.sh'
[0.711s] INFO:colcon.colcon_core.shell:Creating package script '/home/ssu/robotics-practice/class/class09/gazebo_ws/install/simple_arm_moveit/share/simple_arm_moveit/package.bash'
[0.711s] INFO:colcon.colcon_core.shell:Creating package script '/home/ssu/robotics-practice/class/class09/gazebo_ws/install/simple_arm_moveit/share/simple_arm_moveit/package.zsh'
[0.711s] Level 1:colcon.colcon_core.environment:create_file_with_runtime_dependencies(/home/ssu/robotics-practice/class/class09/gazebo_ws/install/simple_arm_moveit/share/colcon-core/packages/simple_arm_moveit)
[0.712s] DEBUG:colcon.colcon_parallel_executor.executor.parallel:closing loop
[0.712s] DEBUG:colcon.colcon_parallel_executor.executor.parallel:loop closed
[0.712s] DEBUG:colcon.colcon_parallel_executor.executor.parallel:run_until_complete finished with '0'
[0.712s] DEBUG:colcon.colcon_core.event_reactor:joining thread
[0.714s] INFO:colcon.colcon_core.plugin_system:Skipping extension 'colcon_notification.desktop_notification.terminal_notifier': Not used on non-Darwin systems
[0.715s] INFO:colcon.colcon_core.plugin_system:Skipping extension 'colcon_notification.desktop_notification.win32': Not used on non-Windows systems
[0.715s] INFO:colcon.colcon_notification.desktop_notification:Sending desktop notification using 'notify2'
[0.722s] DEBUG:colcon.colcon_core.event_reactor:joined thread
[0.723s] INFO:colcon.colcon_core.shell:Creating prefix script '/home/ssu/robotics-practice/class/class09/gazebo_ws/install/local_setup.ps1'
[0.723s] INFO:colcon.colcon_core.shell:Creating prefix util module '/home/ssu/robotics-practice/class/class09/gazebo_ws/install/_local_setup_util_ps1.py'
[0.724s] INFO:colcon.colcon_core.shell:Creating prefix chain script '/home/ssu/robotics-practice/class/class09/gazebo_ws/install/setup.ps1'
[0.724s] INFO:colcon.colcon_core.shell:Creating prefix script '/home/ssu/robotics-practice/class/class09/gazebo_ws/install/local_setup.sh'
[0.724s] INFO:colcon.colcon_core.shell:Creating prefix util module '/home/ssu/robotics-practice/class/class09/gazebo_ws/install/_local_setup_util_sh.py'
[0.724s] INFO:colcon.colcon_core.shell:Creating prefix chain script '/home/ssu/robotics-practice/class/class09/gazebo_ws/install/setup.sh'
[0.725s] INFO:colcon.colcon_core.shell:Creating prefix script '/home/ssu/robotics-practice/class/class09/gazebo_ws/install/local_setup.bash'
[0.725s] INFO:colcon.colcon_core.shell:Creating prefix chain script '/home/ssu/robotics-practice/class/class09/gazebo_ws/install/setup.bash'
[0.725s] INFO:colcon.colcon_core.shell:Creating prefix script '/home/ssu/robotics-practice/class/class09/gazebo_ws/install/local_setup.zsh'
[0.726s] INFO:colcon.colcon_core.shell:Creating prefix chain script '/home/ssu/robotics-practice/class/class09/gazebo_ws/install/setup.zsh'
