[0.268s] Invoking command in '/home/ssu/robotics-practice/class/class07/gazebo_ws/src/simple_arm_description': PYTHONPATH=/home/ssu/robotics-practice/class/class07/gazebo_ws/build/simple_arm_description/prefix_override:/usr/lib/python3/dist-packages/colcon_core/task/python/colcon_distutils_commands:/home/ssu/robotics-practice/class/class07/gazebo_ws/install/simple_arm_description/lib/python3.10/site-packages:${PYTHONPATH} /usr/bin/python3 -W ignore:setup.py install is deprecated -W ignore:easy_install command is deprecated setup.py egg_info --egg-base ../../build/simple_arm_description build --build-base /home/ssu/robotics-practice/class/class07/gazebo_ws/build/simple_arm_description/build install --record /home/ssu/robotics-practice/class/class07/gazebo_ws/build/simple_arm_description/install.log --single-version-externally-managed install_data
[0.362s] running egg_info
[0.362s] creating ../../build/simple_arm_description/simple_arm_description.egg-info
[0.362s] writing ../../build/simple_arm_description/simple_arm_description.egg-info/PKG-INFO
[0.362s] writing dependency_links to ../../build/simple_arm_description/simple_arm_description.egg-info/dependency_links.txt
[0.362s] writing entry points to ../../build/simple_arm_description/simple_arm_description.egg-info/entry_points.txt
[0.362s] writing requirements to ../../build/simple_arm_description/simple_arm_description.egg-info/requires.txt
[0.362s] writing top-level names to ../../build/simple_arm_description/simple_arm_description.egg-info/top_level.txt
[0.362s] writing manifest file '../../build/simple_arm_description/simple_arm_description.egg-info/SOURCES.txt'
[0.362s] reading manifest file '../../build/simple_arm_description/simple_arm_description.egg-info/SOURCES.txt'
[0.363s] writing manifest file '../../build/simple_arm_description/simple_arm_description.egg-info/SOURCES.txt'
[0.363s] running build
[0.363s] running build_py
[0.363s] creating /home/ssu/robotics-practice/class/class07/gazebo_ws/build/simple_arm_description/build
[0.363s] creating /home/ssu/robotics-practice/class/class07/gazebo_ws/build/simple_arm_description/build/lib
[0.363s] creating /home/ssu/robotics-practice/class/class07/gazebo_ws/build/simple_arm_description/build/lib/simple_arm_description
[0.363s] copying simple_arm_description/__init__.py -> /home/ssu/robotics-practice/class/class07/gazebo_ws/build/simple_arm_description/build/lib/simple_arm_description
[0.363s] running install
[0.363s] running install_lib
[0.363s] creating /home/ssu/robotics-practice/class/class07/gazebo_ws/install/simple_arm_description/lib/python3.10/site-packages/simple_arm_description
[0.363s] copying /home/ssu/robotics-practice/class/class07/gazebo_ws/build/simple_arm_description/build/lib/simple_arm_description/__init__.py -> /home/ssu/robotics-practice/class/class07/gazebo_ws/install/simple_arm_description/lib/python3.10/site-packages/simple_arm_description
[0.363s] byte-compiling /home/ssu/robotics-practice/class/class07/gazebo_ws/install/simple_arm_description/lib/python3.10/site-packages/simple_arm_description/__init__.py to __init__.cpython-310.pyc
[0.363s] running install_data
[0.364s] creating /home/ssu/robotics-practice/class/class07/gazebo_ws/install/simple_arm_description/share/ament_index
[0.365s] creating /home/ssu/robotics-practice/class/class07/gazebo_ws/install/simple_arm_description/share/ament_index/resource_index
[0.365s] creating /home/ssu/robotics-practice/class/class07/gazebo_ws/install/simple_arm_description/share/ament_index/resource_index/packages
[0.365s] copying resource/simple_arm_description -> /home/ssu/robotics-practice/class/class07/gazebo_ws/install/simple_arm_description/share/ament_index/resource_index/packages
[0.365s] copying package.xml -> /home/ssu/robotics-practice/class/class07/gazebo_ws/install/simple_arm_description/share/simple_arm_description
[0.365s] running install_egg_info
[0.365s] Copying ../../build/simple_arm_description/simple_arm_description.egg-info to /home/ssu/robotics-practice/class/class07/gazebo_ws/install/simple_arm_description/lib/python3.10/site-packages/simple_arm_description-0.0.0-py3.10.egg-info
[0.365s] running install_scripts
[0.374s] writing list of installed files to '/home/ssu/robotics-practice/class/class07/gazebo_ws/build/simple_arm_description/install.log'
[0.385s] Invoked command in '/home/ssu/robotics-practice/class/class07/gazebo_ws/src/simple_arm_description' returned '0': PYTHONPATH=/home/ssu/robotics-practice/class/class07/gazebo_ws/build/simple_arm_description/prefix_override:/usr/lib/python3/dist-packages/colcon_core/task/python/colcon_distutils_commands:/home/ssu/robotics-practice/class/class07/gazebo_ws/install/simple_arm_description/lib/python3.10/site-packages:${PYTHONPATH} /usr/bin/python3 -W ignore:setup.py install is deprecated -W ignore:easy_install command is deprecated setup.py egg_info --egg-base ../../build/simple_arm_description build --build-base /home/ssu/robotics-practice/class/class07/gazebo_ws/build/simple_arm_description/build install --record /home/ssu/robotics-practice/class/class07/gazebo_ws/build/simple_arm_description/install.log --single-version-externally-managed install_data
