/home/ssu/robotics-practice/class/class09/gazebo_ws/install/simple_arm_trajectory/lib/python3.10/site-packages/simple_arm_trajectory/__init__.py
/home/ssu/robotics-practice/class/class09/gazebo_ws/install/simple_arm_trajectory/lib/python3.10/site-packages/simple_arm_trajectory/controller_state_monitor.py
/home/ssu/robotics-practice/class/class09/gazebo_ws/install/simple_arm_trajectory/lib/python3.10/site-packages/simple_arm_trajectory/send_waypoint.py
/home/ssu/robotics-practice/class/class09/gazebo_ws/install/simple_arm_trajectory/lib/python3.10/site-packages/simple_arm_trajectory/waypoint_action_follower.py
/home/ssu/robotics-practice/class/class09/gazebo_ws/install/simple_arm_trajectory/lib/python3.10/site-packages/simple_arm_trajectory/__pycache__/__init__.cpython-310.pyc
/home/ssu/robotics-practice/class/class09/gazebo_ws/install/simple_arm_trajectory/lib/python3.10/site-packages/simple_arm_trajectory/__pycache__/controller_state_monitor.cpython-310.pyc
/home/ssu/robotics-practice/class/class09/gazebo_ws/install/simple_arm_trajectory/lib/python3.10/site-packages/simple_arm_trajectory/__pycache__/send_waypoint.cpython-310.pyc
/home/ssu/robotics-practice/class/class09/gazebo_ws/install/simple_arm_trajectory/lib/python3.10/site-packages/simple_arm_trajectory/__pycache__/waypoint_action_follower.cpython-310.pyc
/home/ssu/robotics-practice/class/class09/gazebo_ws/install/simple_arm_trajectory/share/ament_index/resource_index/packages/simple_arm_trajectory
/home/ssu/robotics-practice/class/class09/gazebo_ws/install/simple_arm_trajectory/share/simple_arm_trajectory/package.xml
/home/ssu/robotics-practice/class/class09/gazebo_ws/install/simple_arm_trajectory/lib/python3.10/site-packages/simple_arm_trajectory-0.0.0-py3.10.egg-info/PKG-INFO
/home/ssu/robotics-practice/class/class09/gazebo_ws/install/simple_arm_trajectory/lib/python3.10/site-packages/simple_arm_trajectory-0.0.0-py3.10.egg-info/zip-safe
/home/ssu/robotics-practice/class/class09/gazebo_ws/install/simple_arm_trajectory/lib/python3.10/site-packages/simple_arm_trajectory-0.0.0-py3.10.egg-info/dependency_links.txt
/home/ssu/robotics-practice/class/class09/gazebo_ws/install/simple_arm_trajectory/lib/python3.10/site-packages/simple_arm_trajectory-0.0.0-py3.10.egg-info/entry_points.txt
/home/ssu/robotics-practice/class/class09/gazebo_ws/install/simple_arm_trajectory/lib/python3.10/site-packages/simple_arm_trajectory-0.0.0-py3.10.egg-info/requires.txt
/home/ssu/robotics-practice/class/class09/gazebo_ws/install/simple_arm_trajectory/lib/python3.10/site-packages/simple_arm_trajectory-0.0.0-py3.10.egg-info/top_level.txt
/home/ssu/robotics-practice/class/class09/gazebo_ws/install/simple_arm_trajectory/lib/python3.10/site-packages/simple_arm_trajectory-0.0.0-py3.10.egg-info/SOURCES.txt
/home/ssu/robotics-practice/class/class09/gazebo_ws/install/simple_arm_trajectory/lib/simple_arm_trajectory/controller_state_monitor
/home/ssu/robotics-practice/class/class09/gazebo_ws/install/simple_arm_trajectory/lib/simple_arm_trajectory/send_waypoint
/home/ssu/robotics-practice/class/class09/gazebo_ws/install/simple_arm_trajectory/lib/simple_arm_trajectory/waypoint_action_follower
