running egg_info
creating ../../build/urdf_r2d2/urdf_r2d2.egg-info
writing ../../build/urdf_r2d2/urdf_r2d2.egg-info/PKG-INFO
writing dependency_links to ../../build/urdf_r2d2/urdf_r2d2.egg-info/dependency_links.txt
writing entry points to ../../build/urdf_r2d2/urdf_r2d2.egg-info/entry_points.txt
writing requirements to ../../build/urdf_r2d2/urdf_r2d2.egg-info/requires.txt
writing top-level names to ../../build/urdf_r2d2/urdf_r2d2.egg-info/top_level.txt
writing manifest file '../../build/urdf_r2d2/urdf_r2d2.egg-info/SOURCES.txt'
reading manifest file '../../build/urdf_r2d2/urdf_r2d2.egg-info/SOURCES.txt'
writing manifest file '../../build/urdf_r2d2/urdf_r2d2.egg-info/SOURCES.txt'
running build
running build_py
creating /home/ssu/robotics-practice/class/class06/move_urdf/build/urdf_r2d2/build
creating /home/ssu/robotics-practice/class/class06/move_urdf/build/urdf_r2d2/build/lib
creating /home/ssu/robotics-practice/class/class06/move_urdf/build/urdf_r2d2/build/lib/urdf_r2d2
copying urdf_r2d2/__init__.py -> /home/ssu/robotics-practice/class/class06/move_urdf/build/urdf_r2d2/build/lib/urdf_r2d2
copying urdf_r2d2/state_publisher.py -> /home/ssu/robotics-practice/class/class06/move_urdf/build/urdf_r2d2/build/lib/urdf_r2d2
running install
running install_lib
creating /home/ssu/robotics-practice/class/class06/move_urdf/install/urdf_r2d2/lib/python3.10/site-packages/urdf_r2d2
copying /home/ssu/robotics-practice/class/class06/move_urdf/build/urdf_r2d2/build/lib/urdf_r2d2/__init__.py -> /home/ssu/robotics-practice/class/class06/move_urdf/install/urdf_r2d2/lib/python3.10/site-packages/urdf_r2d2
copying /home/ssu/robotics-practice/class/class06/move_urdf/build/urdf_r2d2/build/lib/urdf_r2d2/state_publisher.py -> /home/ssu/robotics-practice/class/class06/move_urdf/install/urdf_r2d2/lib/python3.10/site-packages/urdf_r2d2
byte-compiling /home/ssu/robotics-practice/class/class06/move_urdf/install/urdf_r2d2/lib/python3.10/site-packages/urdf_r2d2/__init__.py to __init__.cpython-310.pyc
byte-compiling /home/ssu/robotics-practice/class/class06/move_urdf/install/urdf_r2d2/lib/python3.10/site-packages/urdf_r2d2/state_publisher.py to state_publisher.cpython-310.pyc
running install_data
creating /home/ssu/robotics-practice/class/class06/move_urdf/install/urdf_r2d2/share/ament_index
creating /home/ssu/robotics-practice/class/class06/move_urdf/install/urdf_r2d2/share/ament_index/resource_index
creating /home/ssu/robotics-practice/class/class06/move_urdf/install/urdf_r2d2/share/ament_index/resource_index/packages
copying resource/urdf_r2d2 -> /home/ssu/robotics-practice/class/class06/move_urdf/install/urdf_r2d2/share/ament_index/resource_index/packages
copying package.xml -> /home/ssu/robotics-practice/class/class06/move_urdf/install/urdf_r2d2/share/urdf_r2d2
creating /home/ssu/robotics-practice/class/class06/move_urdf/install/urdf_r2d2/share/urdf_r2d2/launch
copying launch/demo_launch.py -> /home/ssu/robotics-practice/class/class06/move_urdf/install/urdf_r2d2/share/urdf_r2d2/launch
creating /home/ssu/robotics-practice/class/class06/move_urdf/install/urdf_r2d2/share/urdf_r2d2/urdf
copying urdf/r2d2.urdf.xml -> /home/ssu/robotics-practice/class/class06/move_urdf/install/urdf_r2d2/share/urdf_r2d2/urdf
copying urdf/r2d2.rviz -> /home/ssu/robotics-practice/class/class06/move_urdf/install/urdf_r2d2/share/urdf_r2d2/urdf
copying urdf/r2d2.urdf.xacro -> /home/ssu/robotics-practice/class/class06/move_urdf/install/urdf_r2d2/share/urdf_r2d2/urdf
running install_egg_info
Copying ../../build/urdf_r2d2/urdf_r2d2.egg-info to /home/ssu/robotics-practice/class/class06/move_urdf/install/urdf_r2d2/lib/python3.10/site-packages/urdf_r2d2-0.0.0-py3.10.egg-info
running install_scripts
Installing state_publisher script to /home/ssu/robotics-practice/class/class06/move_urdf/install/urdf_r2d2/lib/urdf_r2d2
writing list of installed files to '/home/ssu/robotics-practice/class/class06/move_urdf/build/urdf_r2d2/install.log'
