[0.261s] Invoking command in '/home/ssu/robotics-practice/class/class06/move_urdf/src/urdf_r2d2': PYTHONPATH=/home/ssu/robotics-practice/class/class06/move_urdf/build/urdf_r2d2/prefix_override:/usr/lib/python3/dist-packages/colcon_core/task/python/colcon_distutils_commands:/home/ssu/robotics-practice/class/class06/move_urdf/install/urdf_r2d2/lib/python3.10/site-packages:${PYTHONPATH} /usr/bin/python3 -W ignore:setup.py install is deprecated -W ignore:easy_install command is deprecated setup.py egg_info --egg-base ../../build/urdf_r2d2 build --build-base /home/ssu/robotics-practice/class/class06/move_urdf/build/urdf_r2d2/build install --record /home/ssu/robotics-practice/class/class06/move_urdf/build/urdf_r2d2/install.log --single-version-externally-managed install_data
[0.357s] running egg_info
[0.358s] creating ../../build/urdf_r2d2/urdf_r2d2.egg-info
[0.358s] writing ../../build/urdf_r2d2/urdf_r2d2.egg-info/PKG-INFO
[0.358s] writing dependency_links to ../../build/urdf_r2d2/urdf_r2d2.egg-info/dependency_links.txt
[0.358s] writing entry points to ../../build/urdf_r2d2/urdf_r2d2.egg-info/entry_points.txt
[0.358s] writing requirements to ../../build/urdf_r2d2/urdf_r2d2.egg-info/requires.txt
[0.358s] writing top-level names to ../../build/urdf_r2d2/urdf_r2d2.egg-info/top_level.txt
[0.358s] writing manifest file '../../build/urdf_r2d2/urdf_r2d2.egg-info/SOURCES.txt'
[0.359s] reading manifest file '../../build/urdf_r2d2/urdf_r2d2.egg-info/SOURCES.txt'
[0.359s] writing manifest file '../../build/urdf_r2d2/urdf_r2d2.egg-info/SOURCES.txt'
[0.359s] running build
[0.359s] running build_py
[0.359s] creating /home/ssu/robotics-practice/class/class06/move_urdf/build/urdf_r2d2/build
[0.360s] creating /home/ssu/robotics-practice/class/class06/move_urdf/build/urdf_r2d2/build/lib
[0.360s] creating /home/ssu/robotics-practice/class/class06/move_urdf/build/urdf_r2d2/build/lib/urdf_r2d2
[0.360s] copying urdf_r2d2/__init__.py -> /home/ssu/robotics-practice/class/class06/move_urdf/build/urdf_r2d2/build/lib/urdf_r2d2
[0.360s] copying urdf_r2d2/state_publisher.py -> /home/ssu/robotics-practice/class/class06/move_urdf/build/urdf_r2d2/build/lib/urdf_r2d2
[0.360s] running install
[0.360s] running install_lib
[0.360s] creating /home/ssu/robotics-practice/class/class06/move_urdf/install/urdf_r2d2/lib/python3.10/site-packages/urdf_r2d2
[0.360s] copying /home/ssu/robotics-practice/class/class06/move_urdf/build/urdf_r2d2/build/lib/urdf_r2d2/__init__.py -> /home/ssu/robotics-practice/class/class06/move_urdf/install/urdf_r2d2/lib/python3.10/site-packages/urdf_r2d2
[0.360s] copying /home/ssu/robotics-practice/class/class06/move_urdf/build/urdf_r2d2/build/lib/urdf_r2d2/state_publisher.py -> /home/ssu/robotics-practice/class/class06/move_urdf/install/urdf_r2d2/lib/python3.10/site-packages/urdf_r2d2
[0.360s] byte-compiling /home/ssu/robotics-practice/class/class06/move_urdf/install/urdf_r2d2/lib/python3.10/site-packages/urdf_r2d2/__init__.py to __init__.cpython-310.pyc
[0.361s] byte-compiling /home/ssu/robotics-practice/class/class06/move_urdf/install/urdf_r2d2/lib/python3.10/site-packages/urdf_r2d2/state_publisher.py to state_publisher.cpython-310.pyc
[0.361s] running install_data
[0.361s] creating /home/ssu/robotics-practice/class/class06/move_urdf/install/urdf_r2d2/share/ament_index
[0.361s] creating /home/ssu/robotics-practice/class/class06/move_urdf/install/urdf_r2d2/share/ament_index/resource_index
[0.361s] creating /home/ssu/robotics-practice/class/class06/move_urdf/install/urdf_r2d2/share/ament_index/resource_index/packages
[0.361s] copying resource/urdf_r2d2 -> /home/ssu/robotics-practice/class/class06/move_urdf/install/urdf_r2d2/share/ament_index/resource_index/packages
[0.361s] copying package.xml -> /home/ssu/robotics-practice/class/class06/move_urdf/install/urdf_r2d2/share/urdf_r2d2
[0.361s] creating /home/ssu/robotics-practice/class/class06/move_urdf/install/urdf_r2d2/share/urdf_r2d2/launch
[0.361s] copying launch/demo_launch.py -> /home/ssu/robotics-practice/class/class06/move_urdf/install/urdf_r2d2/share/urdf_r2d2/launch
[0.361s] creating /home/ssu/robotics-practice/class/class06/move_urdf/install/urdf_r2d2/share/urdf_r2d2/urdf
[0.362s] copying urdf/r2d2.urdf.xml -> /home/ssu/robotics-practice/class/class06/move_urdf/install/urdf_r2d2/share/urdf_r2d2/urdf
[0.362s] copying urdf/r2d2.rviz -> /home/ssu/robotics-practice/class/class06/move_urdf/install/urdf_r2d2/share/urdf_r2d2/urdf
[0.362s] copying urdf/r2d2.urdf.xacro -> /home/ssu/robotics-practice/class/class06/move_urdf/install/urdf_r2d2/share/urdf_r2d2/urdf
[0.362s] running install_egg_info
[0.366s] Copying ../../build/urdf_r2d2/urdf_r2d2.egg-info to /home/ssu/robotics-practice/class/class06/move_urdf/install/urdf_r2d2/lib/python3.10/site-packages/urdf_r2d2-0.0.0-py3.10.egg-info
[0.366s] running install_scripts
[0.372s] Installing state_publisher script to /home/ssu/robotics-practice/class/class06/move_urdf/install/urdf_r2d2/lib/urdf_r2d2
[0.372s] writing list of installed files to '/home/ssu/robotics-practice/class/class06/move_urdf/build/urdf_r2d2/install.log'
[0.384s] Invoked command in '/home/ssu/robotics-practice/class/class06/move_urdf/src/urdf_r2d2' returned '0': PYTHONPATH=/home/ssu/robotics-practice/class/class06/move_urdf/build/urdf_r2d2/prefix_override:/usr/lib/python3/dist-packages/colcon_core/task/python/colcon_distutils_commands:/home/ssu/robotics-practice/class/class06/move_urdf/install/urdf_r2d2/lib/python3.10/site-packages:${PYTHONPATH} /usr/bin/python3 -W ignore:setup.py install is deprecated -W ignore:easy_install command is deprecated setup.py egg_info --egg-base ../../build/urdf_r2d2 build --build-base /home/ssu/robotics-practice/class/class06/move_urdf/build/urdf_r2d2/build install --record /home/ssu/robotics-practice/class/class06/move_urdf/build/urdf_r2d2/install.log --single-version-externally-managed install_data
